>>> EXTREME SUPPORT: 0.001% on 214M TrEMBL
>>> Loading data...
Total transactions: 205,620,298
With >1 item: 76,890,945
Min support = 0.001% = 768 proteins

>>> GPU-RESIDENT STREAMING APRIORI — 0.001% SUPPORT
>>> MAX LENGTH 20 — HUNTING FOR MEGA-COMPLEXES


=== EXTREME SUPPORT RESULTS ===
Time: 1085.6s
Itemsets: 22,846
  K=1: 47
  K=2: 990
  K=3: 3,392
  K=4: 5,147
  K=5: 5,024
  K=6: 3,847
  K=7: 2,433
  K=8: 1,253
  K=9: 492
  K=10: 160
  K=11: 48
  K=12: 11
  K=13: 2
Saved: /root/alphafold-data/full_214m/itemsets_214m_extreme.parquet

=== DEEPEST PATTERNS (K=13 down to K=10) ===

--- K=13 (2 itemsets) ---
  support=0.000142 (10,916 proteins)
    plddt_mean_med + PF00271 + PF00270 + GO:0005524 + GO:0005737 + GO:0003677 + GO:0016787 + GO:0006281 + GO:0006310 + GO:0006260 + GO:0009432 + GO:0043138 + GO:0043590
  support=0.000142 (10,913 proteins)
    plddt_mean_med + PF00271 + PF00270 + GO:0005524 + GO:0046872 + GO:0005737 + GO:0003677 + GO:0016787 + GO:0006281 + GO:0006260 + GO:0009432 + GO:0043138 + GO:0043590

--- K=12 (11 itemsets) ---
  support=0.000143 (11,007 proteins)
    PF00271 + PF00270 + GO:0005524 + GO:0046872 + GO:0005737 + GO:0003677 + GO:0016787 + GO:0006281 + GO:0006310 + GO:0006260 + GO:0009432 + GO:0043138
  support=0.000143 (10,978 proteins)
    plddt_mean_med + PF00271 + PF00270 + GO:0005524 + GO:0046872 + GO:0005737 + GO:0003677 + GO:0016787 + GO:0006281 + GO:0006310 + GO:0009432 + GO:0043138
  support=0.000142 (10,913 proteins)
    plddt_mean_med + PF00271 + PF00270 + GO:0005524 + GO:0046872 + GO:0005737 + GO:0016787 + GO:0006310 + GO:0006260 + GO:0009432 + GO:0043138 + GO:0043590
  support=0.000142 (10,912 proteins)
    plddt_mean_med + PF00270 + GO:0005524 + GO:0046872 + GO:0005737 + GO:0003677 + GO:0016787 + GO:0006281 + GO:0006310 + GO:0009432 + GO:0043138 + GO:0043590
  support=0.000136 (10,494 proteins)
    PF00905 + PF00912 + GO:0005886 + GO:0006508 + GO:0071555 + GO:0008360 + GO:0009252 + GO:0030288 + GO:0046677 + GO:0008658 + GO:0009002 + GO:0008955

--- K=11 (48 itemsets) ---
  support=0.000230 (17,686 proteins)
    plddt_mean_med + PF00271 + PF00270 + GO:0005524 + GO:0005737 + GO:0003677 + GO:0016787 + GO:0006281 + GO:0006310 + GO:0043138 + GO:0043590
  support=0.000207 (15,886 proteins)
    plddt_mean_med + PF00004 + PF10431 + PF17871 + PF02861 + GO:0005524 + GO:0005737 + GO:0016887 + GO:0006508 + GO:0008233 + GO:0034605
  support=0.000207 (15,886 proteins)
    PF00004 + PF07724 + PF10431 + PF17871 + PF02861 + GO:0005524 + GO:0005737 + GO:0016887 + GO:0006508 + GO:0008233 + GO:0034605
  support=0.000202 (15,565 proteins)
    PF00271 + PF00270 + GO:0005524 + GO:0046872 + GO:0005737 + GO:0003677 + GO:0016787 + GO:0006281 + GO:0006310 + GO:0043138 + GO:0043590
  support=0.000197 (15,167 proteins)
    plddt_mean_med + PF00271 + PF00270 + GO:0046872 + GO:0005737 + GO:0003677 + GO:0016787 + GO:0006281 + GO:0006310 + GO:0043138 + GO:0043590

--- K=10 (160 itemsets) ---
  support=0.000240 (18,425 proteins)
    plddt_mean_med + PF00004 + PF07724 + PF10431 + PF17871 + GO:0005524 + GO:0005737 + GO:0016887 + GO:0006508 + GO:0034605
  support=0.000238 (18,313 proteins)
    plddt_mean_med + PF00004 + PF07724 + PF10431 + GO:0005524 + GO:0005737 + GO:0016887 + GO:0006508 + GO:0008233 + GO:0034605
  support=0.000216 (16,614 proteins)
    plddt_mean_med + PF00905 + PF00912 + GO:0005886 + GO:0006508 + GO:0071555 + GO:0009252 + GO:0008658 + GO:0009002 + GO:0008955
  support=0.000208 (16,029 proteins)
    plddt_mean_med + PF07724 + PF17871 + PF02861 + GO:0005524 + GO:0005737 + GO:0016887 + GO:0006508 + GO:0008233 + GO:0034605
  support=0.000207 (15,936 proteins)
    plddt_mean_med + PF07724 + PF10431 + PF17871 + PF02861 + GO:0005524 + GO:0005737 + GO:0016887 + GO:0008233 + GO:0034605

>>> EXTREME MINING COMPLETE
