>>> Loading + mining...
2026-02-09 06:42:58,031 Direct CSR path: 76,890,945 transactions, min_count=8
2026-02-09 06:42:58,411 Direct CSR path: 1002 frequent items
2026-02-09 06:42:59,144 Direct CSR path: 316,421,093 non-zeros
  K=1: 1,002 frequent (84ms)
  K=2: 73,786 frequent (2064ms)
  K=3: 452,777 frequent (25596ms)
  K=4: 1,184,461 frequent (37356ms)
  K=5: 1,974,126 frequent (35019ms)
  K=6: 2,626,332 frequent (22660ms)
  K=7: 3,118,459 frequent (14854ms)
  K=8: 3,442,954 frequent (12055ms)
  K=9: 3,529,257 frequent (11446ms)
  K=10: 3,293,612 frequent (10911ms)
  K=11: 2,739,532 frequent (9730ms)
  K=12: 1,996,772 frequent (8309ms)
  K=13: 1,259,045 frequent (6571ms)
  K=14: 679,471 frequent (5326ms)
  K=15: 310,527 frequent (1836ms)
  K=16: 118,659 frequent (674ms)
  K=17: 37,261 frequent (217ms)
  K=18: 9,375 frequent (61ms)
  K=19: 1,818 frequent (18ms)
  K=20: 255 frequent (11ms)
  K=21: 23 frequent (11ms)
  K=22: 1 frequent (13ms)

>>> 26,849,505 itemsets in 440.5s
>>> Saved: 85,131,478 bytes

=== K=22 (1 itemsets) ===
  #1 (8 proteins)
    pLDDT: ['plddt_mean_med']
    Pfam: ['PF00271', 'PF00270']
    GO (19): ['GO:0005524', 'GO:0005737', 'GO:0005829', 'GO:0005634', 'GO:0016787', 'GO:0000287', 'GO:0005739', 'GO:0000978', 'GO:0030154', 'GO:0003697', 'GO:0003724', 'GO:0045087', 'GO:0030424', 'GO:0030425', 'GO:0051607', 'GO:0003725', 'GO:0034605', 'GO:0016607', 'GO:0003678']

=== K=21 (23 itemsets) ===
  #1 (13 proteins)
    pLDDT: ['plddt_mean_med']
    Pfam: ['PF00271', 'PF00270']
    GO (18): ['GO:0005524', 'GO:0046872', 'GO:0003677', 'GO:0016887', 'GO:1990904', 'GO:0005730', 'GO:0006260', 'GO:0005654', 'GO:0006397', 'GO:0045944', 'GO:0003724', 'GO:0043138', 'GO:0005813', 'GO:0008380', 'GO:0006417', 'GO:0003725', 'GO:0006353', 'GO:0006954']
  #2 (8 proteins)
    pLDDT: ['plddt_mean_med']
    Pfam: ['PF00271', 'PF00270']
    GO (18): ['GO:0005524', 'GO:0005737', 'GO:0005829', 'GO:0005634', 'GO:0016787', 'GO:0000287', 'GO:0005739', 'GO:0000978', 'GO:0030154', 'GO:0003697', 'GO:0003724', 'GO:0045087', 'GO:0030424', 'GO:0030425', 'GO:0051607', 'GO:0003725', 'GO:0034605', 'GO:0016607']
  #3 (8 proteins)
    pLDDT: ['plddt_mean_med']
    Pfam: ['PF00271', 'PF00270']
    GO (18): ['GO:0005524', 'GO:0005737', 'GO:0005829', 'GO:0005634', 'GO:0016787', 'GO:0000287', 'GO:0005739', 'GO:0000978', 'GO:0030154', 'GO:0003697', 'GO:0003724', 'GO:0045087', 'GO:0030424', 'GO:0030425', 'GO:0051607', 'GO:0003725', 'GO:0034605', 'GO:0003678']

=== K=20 (255 itemsets) ===
  #1 (57 proteins)
    pLDDT: ['plddt_mean_med']
    Pfam: ['PF00271', 'PF00270']
    GO (17): ['GO:0005524', 'GO:0005829', 'GO:0016787', 'GO:0000287', 'GO:0005739', 'GO:0000978', 'GO:0030154', 'GO:0003697', 'GO:0003724', 'GO:0045087', 'GO:0030424', 'GO:0030425', 'GO:0051607', 'GO:0003725', 'GO:0034605', 'GO:0016607', 'GO:0003678']
  #2 (40 proteins)
    pLDDT: ['plddt_mean_med']
    GO (19): ['GO:0005886', 'GO:0005829', 'GO:0008270', 'GO:0005739', 'GO:0051301', 'GO:0005730', 'GO:0006633', 'GO:0005874', 'GO:0045944', 'GO:0005694', 'GO:0016042', 'GO:0003682', 'GO:0005813', 'GO:0043161', 'GO:0000122', 'GO:0034599', 'GO:0070403', 'GO:0048471', 'GO:0043130']
  #3 (15 proteins)
    pLDDT: ['plddt_mean_med']
    Pfam: ['PF00271']
    GO (18): ['GO:0005524', 'GO:0046872', 'GO:0003677', 'GO:0016887', 'GO:1990904', 'GO:0005730', 'GO:0006260', 'GO:0005654', 'GO:0006397', 'GO:0045944', 'GO:0003724', 'GO:0043138', 'GO:0005813', 'GO:0008380', 'GO:0006417', 'GO:0003725', 'GO:0006353', 'GO:0006954']
