============================================================
  HOLD MY BEER MODE — THE REAL ONE
  min_count = 4 proteins (for real)
============================================================
min_support = 1.945333237480280e-08
verify: ceil(1.9453332374802804e-08 * 205620298) = 4

>>> 48,007,493 itemsets in 1228.5s
>>> Saved: 149,590,799 bytes

>>> K-distribution:
  K=1: 1,002
  K=2: 94,427
  K=3: 603,403
  K=4: 1,649,283
  K=5: 2,916,124
  K=6: 4,169,081
  K=7: 5,318,506
  K=8: 6,223,873
  K=9: 6,644,170
  K=10: 6,362,841
  K=11: 5,373,365
  K=12: 3,943,668
  K=13: 2,484,117
  K=14: 1,327,096
  K=15: 593,694
  K=16: 219,052
  K=17: 65,356
  K=18: 15,343
  K=19: 2,722
  K=20: 342
  K=21: 27
  K=22: 1

>>> MAX K = 22

=== K=22 (1 itemsets) ===
  #1 (8 proteins)
    go_term: ['GO:0005524', 'GO:0005737', 'GO:0005829', 'GO:0005634', 'GO:0016787', 'GO:0000287', 'GO:0005739', 'GO:0000978', 'GO:0030154', 'GO:0003697', 'GO:0003724', 'GO:0045087', 'GO:0030424', 'GO:0030425', 'GO:0051607', 'GO:0003725', 'GO:0034605', 'GO:0016607', 'GO:0003678']
    pfam: ['PF00271', 'PF00270']
    plddt_mean: ['plddt_mean_med']

=== K=21 (27 itemsets) ===
  #1 (13 proteins)
    go_term: ['GO:0005524', 'GO:0046872', 'GO:0003677', 'GO:0016887', 'GO:1990904', 'GO:0005730', 'GO:0006260', 'GO:0005654', 'GO:0006397', 'GO:0045944', 'GO:0003724', 'GO:0043138', 'GO:0005813', 'GO:0008380', 'GO:0006417', 'GO:0003725', 'GO:0006353', 'GO:0006954']
    pfam: ['PF00271', 'PF00270']
    plddt_mean: ['plddt_mean_med']
  #2 (8 proteins)
    go_term: ['GO:0005524', 'GO:0005737', 'GO:0005829', 'GO:0005634', 'GO:0016787', 'GO:0000287', 'GO:0005739', 'GO:0000978', 'GO:0030154', 'GO:0003697', 'GO:0003724', 'GO:0045087', 'GO:0030424', 'GO:0030425', 'GO:0051607', 'GO:0003725', 'GO:0034605', 'GO:0016607']
    pfam: ['PF00271', 'PF00270']
    plddt_mean: ['plddt_mean_med']
  #3 (8 proteins)
    go_term: ['GO:0005524', 'GO:0005737', 'GO:0005829', 'GO:0005634', 'GO:0016787', 'GO:0000287', 'GO:0005739', 'GO:0000978', 'GO:0030154', 'GO:0003697', 'GO:0003724', 'GO:0045087', 'GO:0030424', 'GO:0030425', 'GO:0051607', 'GO:0003725', 'GO:0034605', 'GO:0003678']
    pfam: ['PF00271', 'PF00270']
    plddt_mean: ['plddt_mean_med']

=== K=20 (342 itemsets) ===
  #1 (57 proteins)
    go_term: ['GO:0005524', 'GO:0005829', 'GO:0016787', 'GO:0000287', 'GO:0005739', 'GO:0000978', 'GO:0030154', 'GO:0003697', 'GO:0003724', 'GO:0045087', 'GO:0030424', 'GO:0030425', 'GO:0051607', 'GO:0003725', 'GO:0034605', 'GO:0016607', 'GO:0003678']
    pfam: ['PF00271', 'PF00270']
    plddt_mean: ['plddt_mean_med']
  #2 (40 proteins)
    go_term: ['GO:0005886', 'GO:0005829', 'GO:0008270', 'GO:0005739', 'GO:0051301', 'GO:0005730', 'GO:0006633', 'GO:0005874', 'GO:0045944', 'GO:0005694', 'GO:0016042', 'GO:0003682', 'GO:0005813', 'GO:0043161', 'GO:0000122', 'GO:0034599', 'GO:0070403', 'GO:0048471', 'GO:0043130']
    plddt_mean: ['plddt_mean_med']
  #3 (15 proteins)
    go_term: ['GO:0005524', 'GO:0046872', 'GO:0003677', 'GO:0016887', 'GO:1990904', 'GO:0005730', 'GO:0006260', 'GO:0005654', 'GO:0006397', 'GO:0045944', 'GO:0003724', 'GO:0043138', 'GO:0005813', 'GO:0008380', 'GO:0006417', 'GO:0003725', 'GO:0006353', 'GO:0006954']
    pfam: ['PF00271']
    plddt_mean: ['plddt_mean_med']

>>> DONE. 48,007,493 itemsets, K=22, 1228.5s
