Resolved 89 packages in 1ms
Downloading nvidia-cusolver-cu12 (322.5MiB)
Downloading nvidia-cublas-cu12 (554.3MiB)
Downloading nvidia-curand-cu12 (65.1MiB)
Downloading nvidia-cuda-runtime-cu12 (3.3MiB)
Downloading nvidia-cuda-nvrtc-cu12 (85.4MiB)
Downloading nvidia-nccl-cu12 (326.3MiB)
Downloading nvidia-nvjitlink-cu12 (37.9MiB)
Downloading nvidia-cusparse-cu12 (349.5MiB)
Downloading nvidia-cufft-cu12 (191.6MiB)
Downloading cupy-cuda12x (126.5MiB)
 Downloaded nvidia-cuda-runtime-cu12
 Downloaded nvidia-nvjitlink-cu12
 Downloaded nvidia-curand-cu12
 Downloaded nvidia-cuda-nvrtc-cu12
 Downloaded nvidia-cufft-cu12
 Downloaded nvidia-cusolver-cu12
 Downloaded cupy-cuda12x
 Downloaded nvidia-cusparse-cu12
 Downloaded nvidia-nccl-cu12
 Downloaded nvidia-cublas-cu12
Prepared 12 packages in 53.58s
Installed 12 packages in 1.17s
 + cuda-pathfinder==1.6.0
 + cuda-toolkit==12.9.2.0
 + cupy-cuda12x==14.1.1
 + nvidia-cublas-cu12==12.9.2.10
 + nvidia-cuda-nvrtc-cu12==12.9.86
 + nvidia-cuda-runtime-cu12==12.9.79
 + nvidia-cufft-cu12==11.4.1.4
 + nvidia-curand-cu12==10.3.10.19
 + nvidia-cusolver-cu12==11.7.5.82
 + nvidia-cusparse-cu12==12.5.10.65
 + nvidia-nccl-cu12==2.31.2
 + nvidia-nvjitlink-cu12==12.9.86
