Using CPython 3.10.13 interpreter at: /opt/conda/bin/python3
Creating virtual environment at: .venv
Resolved 89 packages in 1ms
   Building et-miner @ file:///root/projects/ET-Miner
Downloading pygments (1.2MiB)
Downloading pandas (12.2MiB)
Downloading kiwisolver (1.6MiB)
Downloading scipy (35.9MiB)
Downloading matplotlib (8.4MiB)
Downloading scikit-learn (9.2MiB)
Downloading polars-runtime-32 (54.6MiB)
Downloading intel-cmplr-lib-ur (30.2MiB)
Downloading mkl (213.7MiB)
Downloading fonttools (4.7MiB)
Downloading numpy (16.0MiB)
Downloading pillow (6.6MiB)
Downloading tbb (6.5MiB)
Downloading mlxtend (1.3MiB)
Downloading pyarrow (47.7MiB)
Downloading tcmlib (2.7MiB)
Downloading intel-openmp (50.1MiB)
Downloading ruff (9.8MiB)
Downloading maturin (10.1MiB)
      Built et-miner @ file:///root/projects/ET-Miner
 Downloaded pygments
 Downloaded mlxtend
 Downloaded kiwisolver
 Downloaded tcmlib
 Downloaded fonttools
 Downloaded tbb
 Downloaded pillow
 Downloaded matplotlib
 Downloaded scikit-learn
 Downloaded ruff
 Downloaded maturin
 Downloaded pandas
 Downloaded numpy
 Downloaded intel-cmplr-lib-ur
 Downloaded scipy
 Downloaded pyarrow
 Downloaded intel-openmp
 Downloaded polars-runtime-32
 Downloaded mkl
Prepared 51 packages in 8.17s
Installed 51 packages in 799ms
 + certifi==2026.7.22
 + charset-normalizer==3.5.0
 + contourpy==1.3.2
 + cycler==0.12.1
 + efficient-apriori==2.0.6
 + et-miner==0.1.0 (from file:///root/projects/ET-Miner)
 + et-xmlfile==2.0.0
 + exceptiongroup==1.3.1
 + fonttools==4.63.0
 + idna==3.18
 + iniconfig==2.3.0
 + intel-cmplr-lib-ur==2026.1.1
 + intel-openmp==2026.1.1
 + joblib==1.5.3
 + kiwisolver==1.5.0
 + loguru==0.7.3
 + matplotlib==3.10.9
 + maturin==1.15.0
 + mkl==2026.1.0
 + mlxtend==0.23.4
 + numpy==2.2.6
 + onemkl-license==2026.1.0
 + openpyxl==3.1.5
 + packaging==26.3
 + pandas==2.3.3
 + pillow==12.3.0
 + pluggy==1.6.0
 + polars==1.43.2
 + polars-runtime-32==1.43.2
 + psutil==7.2.2
 + pyarrow==25.0.1
 + pygments==2.20.0
 + pyparsing==3.3.2
 + pytest==9.1.1
 + python-dateutil==2.9.0.post0
 + pytz==2026.3.post1
 + requests==2.34.2
 + ruff==0.16.5
 + scikit-learn==1.7.2
 + scipy==1.15.3
 + six==1.17.0
 + sparse-dot-mkl==0.9.10
 + tbb==2023.1.0
 + tcmlib==1.5.0
 + threadpoolctl==3.6.0
 + tomli==2.4.1
 + tqdm==4.70.0
 + typing-extensions==4.16.0
 + tzdata==2026.3
 + umf==1.1.0
 + urllib3==2.7.0
