2026-08-31 20:44:08.515 | INFO     | et_miner.core.matrix:_build_csr_from_transactions:501 - Direct CSR path: 60,000 transactions, min_count=600
2026-08-31 20:44:08.524 | INFO     | et_miner.core.matrix:_build_csr_from_transactions:524 - Direct CSR path: 118 frequent items
2026-08-31 20:44:08.529 | INFO     | et_miner.core.matrix:_build_csr_from_transactions:548 - Direct CSR path: 330,069 non-zeros
2026-08-31 20:44:08.547 | INFO     | et_miner.gpu.row_split:_apriori_row_split_multi_gpu:116 -   Row-split multi-GPU: 2 GPUs, min_count=600 (GPU-resident dense counting)
2026-08-31 20:44:08.549 | DEBUG    | et_miner.gpu.csr_bitvec:_build_shard:508 -   [GPU 0] Building bitvec: 30,000 rows, 165,218 nnz, ~0.0 GB (rows-balanced)
2026-08-31 20:44:08.549 | DEBUG    | et_miner.gpu.csr_bitvec:_build_shard:508 -   [GPU 1] Building bitvec: 30,000 rows, 164,851 nnz, ~0.0 GB (rows-balanced)
2026-08-31 20:44:08.757 | INFO     | et_miner.gpu.row_split:_apriori_row_split_multi_gpu:126 -   Bitvec build: 0.2s across 2 GPUs
2026-08-31 20:44:09.007 | INFO     | et_miner.gpu.row_split:_apriori_row_split_multi_gpu:159 -   NCCL: 2 communicators (ring all-reduce)
2026-08-31 20:44:09.033 | INFO     | et_miner.gpu.row_split:_apriori_row_split_multi_gpu:301 -   K=1: 118 frequent items in 0.0s
2026-08-31 20:44:09.033 | INFO     | et_miner.gpu.row_split:_apriori_row_split_multi_gpu:573 -   K=2: 6,903 total pairs, 1 chunk(s), dense output 0.00 GB/GPU per chunk
2026-08-31 20:44:09.079 | INFO     | et_miner.gpu.row_split_chunks:run_chunked_dense_level:285 -   K=2 chunk 1/1 filtering: 6,903 candidates → 290 frequent (4.2% pass rate, min_count=600)
2026-08-31 20:44:09.079 | INFO     | et_miner.gpu.row_split:_apriori_row_split_multi_gpu:719 -   K=2: 290 frequent in 0.0s
2026-08-31 20:44:09.083 | DEBUG    | et_miner.gpu.row_split:_apriori_row_split_multi_gpu:751 -     Pruning: zeroed 26 dead bitvecs at K=2 (0 MB logical × 2 GPUs)
2026-08-31 20:44:09.083 | DEBUG    | et_miner.gpu.row_split:_apriori_row_split_multi_gpu:655 -   K=3: 7,045 candidates, 2 chunk(s), group data 0.0 GB, budget 3,965,899,833 cands/chunk
2026-08-31 20:44:09.084 | DEBUG    | et_miner.gpu.row_split_chunks:run_chunked_dense_level:267 -     K=3 chunk 1/2: candidates [0, 6,960)
2026-08-31 20:44:09.086 | INFO     | et_miner.gpu.row_split_chunks:run_chunked_dense_level:285 -   K=3 chunk 1/2 filtering: 6,960 candidates → 172 frequent (2.5% pass rate, min_count=600)
2026-08-31 20:44:09.087 | DEBUG    | et_miner.gpu.row_split_chunks:run_chunked_dense_level:267 -     K=3 chunk 2/2: candidates [6,960, 7,045) (legacy sub-chunk)
2026-08-31 20:44:09.087 | INFO     | et_miner.gpu.row_split_chunks:run_chunked_dense_level:285 -   K=3 chunk 2/2 filtering: 85 candidates → 30 frequent (35.3% pass rate, min_count=600)
2026-08-31 20:44:09.088 | INFO     | et_miner.gpu.row_split:_apriori_row_split_multi_gpu:719 -   K=3: 202 frequent in 0.0s
2026-08-31 20:44:09.088 | DEBUG    | et_miner.gpu.row_split:_apriori_row_split_multi_gpu:751 -     Pruning: zeroed 41 dead bitvecs at K=3 (0 MB logical × 2 GPUs)
2026-08-31 20:44:09.089 | DEBUG    | et_miner.gpu.row_split:_apriori_row_split_multi_gpu:655 -   K=4: 1,240 candidates, 4 chunk(s), group data 0.0 GB, budget 3,965,899,823 cands/chunk
2026-08-31 20:44:09.089 | DEBUG    | et_miner.gpu.row_split_chunks:run_chunked_dense_level:267 -     K=4 chunk 1/4: candidates [0, 1,000)
2026-08-31 20:44:09.090 | INFO     | et_miner.gpu.row_split_chunks:run_chunked_dense_level:285 -   K=4 chunk 1/4 filtering: 1,000 candidates → 18 frequent (1.8% pass rate, min_count=600)
2026-08-31 20:44:09.091 | DEBUG    | et_miner.gpu.row_split_chunks:run_chunked_dense_level:267 -     K=4 chunk 2/4: candidates [1,000, 1,071) (legacy sub-chunk)
2026-08-31 20:44:09.091 | INFO     | et_miner.gpu.row_split_chunks:run_chunked_dense_level:285 -   K=4 chunk 2/4 filtering: 71 candidates → 30 frequent (42.3% pass rate, min_count=600)
2026-08-31 20:44:09.091 | DEBUG    | et_miner.gpu.row_split_chunks:run_chunked_dense_level:267 -     K=4 chunk 3/4: candidates [1,071, 1,162)
2026-08-31 20:44:09.092 | INFO     | et_miner.gpu.row_split_chunks:run_chunked_dense_level:285 -   K=4 chunk 3/4 filtering: 91 candidates → 0 frequent (0.0% pass rate, min_count=600)
2026-08-31 20:44:09.092 | DEBUG    | et_miner.gpu.row_split_chunks:run_chunked_dense_level:267 -     K=4 chunk 4/4: candidates [1,162, 1,240) (legacy sub-chunk)
2026-08-31 20:44:09.093 | INFO     | et_miner.gpu.row_split_chunks:run_chunked_dense_level:285 -   K=4 chunk 4/4 filtering: 78 candidates → 15 frequent (19.2% pass rate, min_count=600)
2026-08-31 20:44:09.093 | INFO     | et_miner.gpu.row_split:_apriori_row_split_multi_gpu:719 -   K=4: 63 frequent in 0.0s
2026-08-31 20:44:09.094 | DEBUG    | et_miner.gpu.row_split:_apriori_row_split_multi_gpu:751 -     Pruning: zeroed 24 dead bitvecs at K=4 (0 MB logical × 2 GPUs)
2026-08-31 20:44:09.094 | DEBUG    | et_miner.gpu.row_split:_apriori_row_split_multi_gpu:655 -   K=5: 66 candidates, 1 chunk(s), group data 0.0 GB, budget 3,965,899,987 cands/chunk
2026-08-31 20:44:09.096 | INFO     | et_miner.gpu.row_split_chunks:run_chunked_dense_level:285 -   K=5 chunk 1/1 filtering: 66 candidates → 18 frequent (27.3% pass rate, min_count=600)
2026-08-31 20:44:09.096 | INFO     | et_miner.gpu.row_split:_apriori_row_split_multi_gpu:719 -   K=5: 18 frequent in 0.0s
2026-08-31 20:44:09.097 | DEBUG    | et_miner.gpu.row_split:_apriori_row_split_multi_gpu:751 -     Pruning: zeroed 11 dead bitvecs at K=5 (0 MB logical × 2 GPUs)
2026-08-31 20:44:09.097 | DEBUG    | et_miner.gpu.row_split:_apriori_row_split_multi_gpu:655 -   K=6: 3 candidates, 1 chunk(s), group data 0.0 GB, budget 3,965,900,089 cands/chunk
2026-08-31 20:44:09.098 | INFO     | et_miner.gpu.row_split_chunks:run_chunked_dense_level:285 -   K=6 chunk 1/1 filtering: 3 candidates → 3 frequent (100.0% pass rate, min_count=600)
2026-08-31 20:44:09.098 | INFO     | et_miner.gpu.row_split:_apriori_row_split_multi_gpu:719 -   K=6: 3 frequent in 0.0s
