2026-09-02 12:00:54.720 | INFO     | et_miner.core.matrix:_build_csr_from_transactions:501 - Direct CSR path: 1,000,000 transactions, min_count=20000
2026-09-02 12:00:54.787 | INFO     | et_miner.core.matrix:_build_csr_from_transactions:524 - Direct CSR path: 118 frequent items
2026-09-02 12:00:54.967 | INFO     | et_miner.core.matrix:_build_csr_from_transactions:548 - Direct CSR path: 9,671,156 non-zeros
2026-09-02 12:00:55.291 | INFO     | et_miner.gpu.row_split:_apriori_row_split_multi_gpu:127 -   Row-split multi-GPU: 2 GPUs, min_count=20,000 (GPU-resident dense counting)
2026-09-02 12:00:55.557 | DEBUG    | et_miner.gpu.csr_bitvec:_build_shard:508 -   [GPU 0] Building bitvec: 303,469 rows, 4,835,579 nnz, ~0.0 GB (nnz-balanced)
2026-09-02 12:00:55.559 | DEBUG    | et_miner.gpu.csr_bitvec:_build_shard:508 -   [GPU 1] Building bitvec: 696,531 rows, 4,835,577 nnz, ~0.0 GB (nnz-balanced)
2026-09-02 12:00:55.688 | INFO     | et_miner.gpu.row_split:_apriori_row_split_multi_gpu:137 -   Bitvec build: 0.4s across 2 GPUs
2026-09-02 12:00:56.017 | INFO     | et_miner.gpu.row_split:_apriori_row_split_multi_gpu:170 -   NCCL: 2 communicators (ring all-reduce)
2026-09-02 12:00:56.068 | INFO     | et_miner.gpu.row_split:_apriori_row_split_multi_gpu:318 -   K=1: 118 frequent items in 0.1s
2026-09-02 12:00:56.069 | INFO     | et_miner.gpu.row_split:_apriori_row_split_multi_gpu:453 -   K=2: 6,903 total pairs, 1 chunk(s), dense output 0.00 GB/GPU per chunk
2026-09-02 12:00:56.171 | INFO     | et_miner.gpu.row_split_chunks:run_chunked_dense_level:285 -   K=2 chunk 1/1 filtering: 6,903 candidates → 717 frequent (10.4% pass rate, min_count=20,000)
2026-09-02 12:00:56.172 | INFO     | et_miner.gpu.row_split:_apriori_row_split_multi_gpu:599 -   K=2: 717 frequent in 0.1s
2026-09-02 12:00:56.175 | DEBUG    | et_miner.gpu.row_split:_apriori_row_split_multi_gpu:631 -     Pruning: zeroed 6 dead bitvecs at K=2 (0 MB logical × 2 GPUs)
2026-09-02 12:00:56.176 | DEBUG    | et_miner.gpu.row_split:_apriori_row_split_multi_gpu:535 -   K=3: 20,123 candidates, 2 chunk(s), group data 0.0 GB, budget 3,962,568,084 cands/chunk
2026-09-02 12:00:56.177 | DEBUG    | et_miner.gpu.row_split_chunks:run_chunked_dense_level:267 -     K=3 chunk 1/2: candidates [0, 19,925)
2026-09-02 12:00:56.184 | INFO     | et_miner.gpu.row_split_chunks:run_chunked_dense_level:285 -   K=3 chunk 1/2 filtering: 19,925 candidates → 1,816 frequent (9.1% pass rate, min_count=20,000)
2026-09-02 12:00:56.184 | DEBUG    | et_miner.gpu.row_split_chunks:run_chunked_dense_level:267 -     K=3 chunk 2/2: candidates [19,925, 20,123) (legacy sub-chunk)
2026-09-02 12:00:56.186 | INFO     | et_miner.gpu.row_split_chunks:run_chunked_dense_level:285 -   K=3 chunk 2/2 filtering: 198 candidates → 112 frequent (56.6% pass rate, min_count=20,000)
2026-09-02 12:00:56.187 | INFO     | et_miner.gpu.row_split:_apriori_row_split_multi_gpu:599 -   K=3: 1,928 frequent in 0.0s
2026-09-02 12:00:56.188 | DEBUG    | et_miner.gpu.row_split:_apriori_row_split_multi_gpu:631 -     Pruning: zeroed 18 dead bitvecs at K=3 (1 MB logical × 2 GPUs)
2026-09-02 12:00:56.189 | DEBUG    | et_miner.gpu.row_split:_apriori_row_split_multi_gpu:535 -   K=4: 27,493 candidates, 14 chunk(s), group data 0.0 GB, budget 3,962,566,671 cands/chunk
2026-09-02 12:00:56.191 | DEBUG    | et_miner.gpu.row_split_chunks:run_chunked_dense_level:267 -     K=4 chunk 1/14: candidates [0, 11,416)
2026-09-02 12:00:56.196 | INFO     | et_miner.gpu.row_split_chunks:run_chunked_dense_level:285 -   K=4 chunk 1/14 filtering: 11,416 candidates → 1,157 frequent (10.1% pass rate, min_count=20,000)
2026-09-02 12:00:56.196 | DEBUG    | et_miner.gpu.row_split_chunks:run_chunked_dense_level:267 -     K=4 chunk 2/14: candidates [11,416, 11,598) (legacy sub-chunk)
2026-09-02 12:00:56.198 | INFO     | et_miner.gpu.row_split_chunks:run_chunked_dense_level:285 -   K=4 chunk 2/14 filtering: 182 candidates → 112 frequent (61.5% pass rate, min_count=20,000)
2026-09-02 12:00:56.198 | DEBUG    | et_miner.gpu.row_split_chunks:run_chunked_dense_level:267 -     K=4 chunk 3/14: candidates [11,598, 18,516)
2026-09-02 12:00:56.200 | INFO     | et_miner.gpu.row_split_chunks:run_chunked_dense_level:285 -   K=4 chunk 3/14 filtering: 6,918 candidates → 729 frequent (10.5% pass rate, min_count=20,000)
2026-09-02 12:00:56.200 | DEBUG    | et_miner.gpu.row_split_chunks:run_chunked_dense_level:267 -     K=4 chunk 4/14: candidates [18,516, 18,714) (legacy sub-chunk)
2026-09-02 12:00:56.202 | INFO     | et_miner.gpu.row_split_chunks:run_chunked_dense_level:285 -   K=4 chunk 4/14 filtering: 198 candidates → 112 frequent (56.6% pass rate, min_count=20,000)
2026-09-02 12:00:56.202 | DEBUG    | et_miner.gpu.row_split_chunks:run_chunked_dense_level:267 -     K=4 chunk 5/14: candidates [18,714, 22,743)
2026-09-02 12:00:56.204 | INFO     | et_miner.gpu.row_split_chunks:run_chunked_dense_level:285 -   K=4 chunk 5/14 filtering: 4,029 candidates → 398 frequent (9.9% pass rate, min_count=20,000)
2026-09-02 12:00:56.204 | DEBUG    | et_miner.gpu.row_split_chunks:run_chunked_dense_level:267 -     K=4 chunk 6/14: candidates [22,743, 22,847) (legacy sub-chunk)
2026-09-02 12:00:56.205 | INFO     | et_miner.gpu.row_split_chunks:run_chunked_dense_level:285 -   K=4 chunk 6/14 filtering: 104 candidates → 0 frequent (0.0% pass rate, min_count=20,000)
2026-09-02 12:00:56.205 | DEBUG    | et_miner.gpu.row_split_chunks:run_chunked_dense_level:267 -     K=4 chunk 7/14: candidates [22,847, 25,053)
2026-09-02 12:00:56.207 | INFO     | et_miner.gpu.row_split_chunks:run_chunked_dense_level:285 -   K=4 chunk 7/14 filtering: 2,206 candidates → 190 frequent (8.6% pass rate, min_count=20,000)
2026-09-02 12:00:56.207 | DEBUG    | et_miner.gpu.row_split_chunks:run_chunked_dense_level:267 -     K=4 chunk 8/14: candidates [25,053, 25,158) (legacy sub-chunk)
2026-09-02 12:00:56.208 | INFO     | et_miner.gpu.row_split_chunks:run_chunked_dense_level:285 -   K=4 chunk 8/14 filtering: 105 candidates → 0 frequent (0.0% pass rate, min_count=20,000)
2026-09-02 12:00:56.208 | DEBUG    | et_miner.gpu.row_split_chunks:run_chunked_dense_level:267 -     K=4 chunk 9/14: candidates [25,158, 26,263)
2026-09-02 12:00:56.209 | INFO     | et_miner.gpu.row_split_chunks:run_chunked_dense_level:285 -   K=4 chunk 9/14 filtering: 1,105 candidates → 73 frequent (6.6% pass rate, min_count=20,000)
2026-09-02 12:00:56.209 | DEBUG    | et_miner.gpu.row_split_chunks:run_chunked_dense_level:267 -     K=4 chunk 10/14: candidates [26,263, 26,375) (legacy sub-chunk)
2026-09-02 12:00:56.210 | INFO     | et_miner.gpu.row_split_chunks:run_chunked_dense_level:285 -   K=4 chunk 10/14 filtering: 112 candidates → 0 frequent (0.0% pass rate, min_count=20,000)
2026-09-02 12:00:56.210 | DEBUG    | et_miner.gpu.row_split_chunks:run_chunked_dense_level:267 -     K=4 chunk 11/14: candidates [26,375, 26,930)
2026-09-02 12:00:56.212 | INFO     | et_miner.gpu.row_split_chunks:run_chunked_dense_level:285 -   K=4 chunk 11/14 filtering: 555 candidates → 19 frequent (3.4% pass rate, min_count=20,000)
2026-09-02 12:00:56.212 | DEBUG    | et_miner.gpu.row_split_chunks:run_chunked_dense_level:267 -     K=4 chunk 12/14: candidates [26,930, 26,994) (legacy sub-chunk)
2026-09-02 12:00:56.213 | INFO     | et_miner.gpu.row_split_chunks:run_chunked_dense_level:285 -   K=4 chunk 12/14 filtering: 64 candidates → 0 frequent (0.0% pass rate, min_count=20,000)
2026-09-02 12:00:56.213 | DEBUG    | et_miner.gpu.row_split_chunks:run_chunked_dense_level:267 -     K=4 chunk 13/14: candidates [26,994, 27,165)
2026-09-02 12:00:56.214 | INFO     | et_miner.gpu.row_split_chunks:run_chunked_dense_level:285 -   K=4 chunk 13/14 filtering: 171 candidates → 2 frequent (1.2% pass rate, min_count=20,000)
2026-09-02 12:00:56.214 | DEBUG    | et_miner.gpu.row_split_chunks:run_chunked_dense_level:267 -     K=4 chunk 14/14: candidates [27,165, 27,493) (legacy sub-chunk)
2026-09-02 12:00:56.215 | INFO     | et_miner.gpu.row_split_chunks:run_chunked_dense_level:285 -   K=4 chunk 14/14 filtering: 328 candidates → 140 frequent (42.7% pass rate, min_count=20,000)
2026-09-02 12:00:56.216 | INFO     | et_miner.gpu.row_split:_apriori_row_split_multi_gpu:599 -   K=4: 2,932 frequent in 0.0s
2026-09-02 12:00:56.217 | DEBUG    | et_miner.gpu.row_split:_apriori_row_split_multi_gpu:631 -     Pruning: zeroed 17 dead bitvecs at K=4 (1 MB logical × 2 GPUs)
2026-09-02 12:00:56.218 | DEBUG    | et_miner.gpu.row_split:_apriori_row_split_multi_gpu:535 -   K=5: 27,012 candidates, 36 chunk(s), group data 0.0 GB, budget 3,962,565,018 cands/chunk
2026-09-02 12:00:56.219 | DEBUG    | et_miner.gpu.row_split_chunks:run_chunked_dense_level:267 -     K=5 chunk 1/36: candidates [0, 6,489)
2026-09-02 12:00:56.222 | INFO     | et_miner.gpu.row_split_chunks:run_chunked_dense_level:285 -   K=5 chunk 1/36 filtering: 6,489 candidates → 713 frequent (11.0% pass rate, min_count=20,000)
2026-09-02 12:00:56.222 | DEBUG    | et_miner.gpu.row_split_chunks:run_chunked_dense_level:267 -     K=5 chunk 2/36: candidates [6,489, 6,568) (legacy sub-chunk)
2026-09-02 12:00:56.223 | INFO     | et_miner.gpu.row_split_chunks:run_chunked_dense_level:285 -   K=5 chunk 2/36 filtering: 79 candidates → 0 frequent (0.0% pass rate, min_count=20,000)
2026-09-02 12:00:56.223 | DEBUG    | et_miner.gpu.row_split_chunks:run_chunked_dense_level:267 -     K=5 chunk 3/36: candidates [6,568, 10,476)
2026-09-02 12:00:56.225 | INFO     | et_miner.gpu.row_split_chunks:run_chunked_dense_level:285 -   K=5 chunk 3/36 filtering: 3,908 candidates → 394 frequent (10.1% pass rate, min_count=20,000)
2026-09-02 12:00:56.226 | DEBUG    | et_miner.gpu.row_split_chunks:run_chunked_dense_level:267 -     K=5 chunk 4/36: candidates [10,476, 10,562) (legacy sub-chunk)
2026-09-02 12:00:56.227 | INFO     | et_miner.gpu.row_split_chunks:run_chunked_dense_level:285 -   K=5 chunk 4/36 filtering: 86 candidates → 0 frequent (0.0% pass rate, min_count=20,000)
2026-09-02 12:00:56.227 | DEBUG    | et_miner.gpu.row_split_chunks:run_chunked_dense_level:267 -     K=5 chunk 5/36: candidates [10,562, 12,701)
2026-09-02 12:00:56.228 | INFO     | et_miner.gpu.row_split_chunks:run_chunked_dense_level:285 -   K=5 chunk 5/36 filtering: 2,139 candidates → 189 frequent (8.8% pass rate, min_count=20,000)
2026-09-02 12:00:56.229 | DEBUG    | et_miner.gpu.row_split_chunks:run_chunked_dense_level:267 -     K=5 chunk 6/36: candidates [12,701, 12,802) (legacy sub-chunk)
2026-09-02 12:00:56.229 | INFO     | et_miner.gpu.row_split_chunks:run_chunked_dense_level:285 -   K=5 chunk 6/36 filtering: 101 candidates → 0 frequent (0.0% pass rate, min_count=20,000)
2026-09-02 12:00:56.230 | DEBUG    | et_miner.gpu.row_split_chunks:run_chunked_dense_level:267 -     K=5 chunk 7/36: candidates [12,802, 13,873)
2026-09-02 12:00:56.231 | INFO     | et_miner.gpu.row_split_chunks:run_chunked_dense_level:285 -   K=5 chunk 7/36 filtering: 1,071 candidates → 73 frequent (6.8% pass rate, min_count=20,000)
2026-09-02 12:00:56.231 | DEBUG    | et_miner.gpu.row_split_chunks:run_chunked_dense_level:267 -     K=5 chunk 8/36: candidates [13,873, 13,982) (legacy sub-chunk)
2026-09-02 12:00:56.232 | INFO     | et_miner.gpu.row_split_chunks:run_chunked_dense_level:285 -   K=5 chunk 8/36 filtering: 109 candidates → 0 frequent (0.0% pass rate, min_count=20,000)
2026-09-02 12:00:56.232 | DEBUG    | et_miner.gpu.row_split_chunks:run_chunked_dense_level:267 -     K=5 chunk 9/36: candidates [13,982, 14,419)
2026-09-02 12:00:56.234 | INFO     | et_miner.gpu.row_split_chunks:run_chunked_dense_level:285 -   K=5 chunk 9/36 filtering: 437 candidates → 19 frequent (4.3% pass rate, min_count=20,000)
2026-09-02 12:00:56.234 | DEBUG    | et_miner.gpu.row_split_chunks:run_chunked_dense_level:267 -     K=5 chunk 10/36: candidates [14,419, 14,538) (legacy sub-chunk)
2026-09-02 12:00:56.235 | INFO     | et_miner.gpu.row_split_chunks:run_chunked_dense_level:285 -   K=5 chunk 10/36 filtering: 119 candidates → 0 frequent (0.0% pass rate, min_count=20,000)
2026-09-02 12:00:56.235 | DEBUG    | et_miner.gpu.row_split_chunks:run_chunked_dense_level:267 -     K=5 chunk 11/36: candidates [14,538, 14,709)
2026-09-02 12:00:56.236 | INFO     | et_miner.gpu.row_split_chunks:run_chunked_dense_level:285 -   K=5 chunk 11/36 filtering: 171 candidates → 2 frequent (1.2% pass rate, min_count=20,000)
2026-09-02 12:00:56.236 | DEBUG    | et_miner.gpu.row_split_chunks:run_chunked_dense_level:267 -     K=5 chunk 12/36: candidates [14,709, 15,025) (legacy sub-chunk)
2026-09-02 12:00:56.238 | INFO     | et_miner.gpu.row_split_chunks:run_chunked_dense_level:285 -   K=5 chunk 12/36 filtering: 316 candidates → 140 frequent (44.3% pass rate, min_count=20,000)
2026-09-02 12:00:56.238 | DEBUG    | et_miner.gpu.row_split_chunks:run_chunked_dense_level:267 -     K=5 chunk 13/36: candidates [15,025, 18,480)
2026-09-02 12:00:56.240 | INFO     | et_miner.gpu.row_split_chunks:run_chunked_dense_level:285 -   K=5 chunk 13/36 filtering: 3,455 candidates → 375 frequent (10.9% pass rate, min_count=20,000)
2026-09-02 12:00:56.240 | DEBUG    | et_miner.gpu.row_split_chunks:run_chunked_dense_level:267 -     K=5 chunk 14/36: candidates [18,480, 18,544) (legacy sub-chunk)
2026-09-02 12:00:56.241 | INFO     | et_miner.gpu.row_split_chunks:run_chunked_dense_level:285 -   K=5 chunk 14/36 filtering: 64 candidates → 0 frequent (0.0% pass rate, min_count=20,000)
2026-09-02 12:00:56.241 | DEBUG    | et_miner.gpu.row_split_chunks:run_chunked_dense_level:267 -     K=5 chunk 15/36: candidates [18,544, 20,459)
2026-09-02 12:00:56.243 | INFO     | et_miner.gpu.row_split_chunks:run_chunked_dense_level:285 -   K=5 chunk 15/36 filtering: 1,915 candidates → 175 frequent (9.1% pass rate, min_count=20,000)
2026-09-02 12:00:56.243 | DEBUG    | et_miner.gpu.row_split_chunks:run_chunked_dense_level:267 -     K=5 chunk 16/36: candidates [20,459, 20,538) (legacy sub-chunk)
2026-09-02 12:00:56.244 | INFO     | et_miner.gpu.row_split_chunks:run_chunked_dense_level:285 -   K=5 chunk 16/36 filtering: 79 candidates → 0 frequent (0.0% pass rate, min_count=20,000)
2026-09-02 12:00:56.244 | DEBUG    | et_miner.gpu.row_split_chunks:run_chunked_dense_level:267 -     K=5 chunk 17/36: candidates [20,538, 21,511)
2026-09-02 12:00:56.246 | INFO     | et_miner.gpu.row_split_chunks:run_chunked_dense_level:285 -   K=5 chunk 17/36 filtering: 973 candidates → 65 frequent (6.7% pass rate, min_count=20,000)
2026-09-02 12:00:56.246 | DEBUG    | et_miner.gpu.row_split_chunks:run_chunked_dense_level:267 -     K=5 chunk 18/36: candidates [21,511, 21,597) (legacy sub-chunk)
2026-09-02 12:00:56.247 | INFO     | et_miner.gpu.row_split_chunks:run_chunked_dense_level:285 -   K=5 chunk 18/36 filtering: 86 candidates → 0 frequent (0.0% pass rate, min_count=20,000)
2026-09-02 12:00:56.247 | DEBUG    | et_miner.gpu.row_split_chunks:run_chunked_dense_level:267 -     K=5 chunk 19/36: candidates [21,597, 22,014)
2026-09-02 12:00:56.248 | INFO     | et_miner.gpu.row_split_chunks:run_chunked_dense_level:285 -   K=5 chunk 19/36 filtering: 417 candidates → 17 frequent (4.1% pass rate, min_count=20,000)
2026-09-02 12:00:56.249 | DEBUG    | et_miner.gpu.row_split_chunks:run_chunked_dense_level:267 -     K=5 chunk 20/36: candidates [22,014, 22,115) (legacy sub-chunk)
2026-09-02 12:00:56.250 | INFO     | et_miner.gpu.row_split_chunks:run_chunked_dense_level:285 -   K=5 chunk 20/36 filtering: 101 candidates → 0 frequent (0.0% pass rate, min_count=20,000)
2026-09-02 12:00:56.250 | DEBUG    | et_miner.gpu.row_split_chunks:run_chunked_dense_level:267 -     K=5 chunk 21/36: candidates [22,115, 22,272)
2026-09-02 12:00:56.251 | INFO     | et_miner.gpu.row_split_chunks:run_chunked_dense_level:285 -   K=5 chunk 21/36 filtering: 157 candidates → 2 frequent (1.3% pass rate, min_count=20,000)
2026-09-02 12:00:56.251 | DEBUG    | et_miner.gpu.row_split_chunks:run_chunked_dense_level:267 -     K=5 chunk 22/36: candidates [22,272, 22,552) (legacy sub-chunk)
2026-09-02 12:00:56.252 | INFO     | et_miner.gpu.row_split_chunks:run_chunked_dense_level:285 -   K=5 chunk 22/36 filtering: 280 candidates → 140 frequent (50.0% pass rate, min_count=20,000)
2026-09-02 12:00:56.252 | DEBUG    | et_miner.gpu.row_split_chunks:run_chunked_dense_level:267 -     K=5 chunk 23/36: candidates [22,552, 24,053)
2026-09-02 12:00:56.254 | INFO     | et_miner.gpu.row_split_chunks:run_chunked_dense_level:285 -   K=5 chunk 23/36 filtering: 1,501 candidates → 150 frequent (10.0% pass rate, min_count=20,000)
2026-09-02 12:00:56.254 | DEBUG    | et_miner.gpu.row_split_chunks:run_chunked_dense_level:267 -     K=5 chunk 24/36: candidates [24,053, 24,154) (legacy sub-chunk)
2026-09-02 12:00:56.255 | INFO     | et_miner.gpu.row_split_chunks:run_chunked_dense_level:285 -   K=5 chunk 24/36 filtering: 101 candidates → 0 frequent (0.0% pass rate, min_count=20,000)
2026-09-02 12:00:56.255 | DEBUG    | et_miner.gpu.row_split_chunks:run_chunked_dense_level:267 -     K=5 chunk 25/36: candidates [24,154, 24,867)
2026-09-02 12:00:56.257 | INFO     | et_miner.gpu.row_split_chunks:run_chunked_dense_level:285 -   K=5 chunk 25/36 filtering: 713 candidates → 52 frequent (7.3% pass rate, min_count=20,000)
2026-09-02 12:00:56.257 | DEBUG    | et_miner.gpu.row_split_chunks:run_chunked_dense_level:267 -     K=5 chunk 26/36: candidates [24,867, 24,972) (legacy sub-chunk)
2026-09-02 12:00:56.258 | INFO     | et_miner.gpu.row_split_chunks:run_chunked_dense_level:285 -   K=5 chunk 26/36 filtering: 105 candidates → 0 frequent (0.0% pass rate, min_count=20,000)
2026-09-02 12:00:56.258 | DEBUG    | et_miner.gpu.row_split_chunks:run_chunked_dense_level:267 -     K=5 chunk 27/36: candidates [24,972, 25,296)
2026-09-02 12:00:56.259 | INFO     | et_miner.gpu.row_split_chunks:run_chunked_dense_level:285 -   K=5 chunk 27/36 filtering: 324 candidates → 12 frequent (3.7% pass rate, min_count=20,000)
2026-09-02 12:00:56.259 | DEBUG    | et_miner.gpu.row_split_chunks:run_chunked_dense_level:267 -     K=5 chunk 28/36: candidates [25,296, 25,360) (legacy sub-chunk)
2026-09-02 12:00:56.260 | INFO     | et_miner.gpu.row_split_chunks:run_chunked_dense_level:285 -   K=5 chunk 28/36 filtering: 64 candidates → 0 frequent (0.0% pass rate, min_count=20,000)
2026-09-02 12:00:56.260 | DEBUG    | et_miner.gpu.row_split_chunks:run_chunked_dense_level:267 -     K=5 chunk 29/36: candidates [25,360, 25,438)
2026-09-02 12:00:56.261 | INFO     | et_miner.gpu.row_split_chunks:run_chunked_dense_level:285 -   K=5 chunk 29/36 filtering: 78 candidates → 1 frequent (1.3% pass rate, min_count=20,000)
2026-09-02 12:00:56.262 | DEBUG    | et_miner.gpu.row_split_chunks:run_chunked_dense_level:267 -     K=5 chunk 30/36: candidates [25,438, 25,570) (legacy sub-chunk)
2026-09-02 12:00:56.262 | INFO     | et_miner.gpu.row_split_chunks:run_chunked_dense_level:285 -   K=5 chunk 30/36 filtering: 132 candidates → 0 frequent (0.0% pass rate, min_count=20,000)
2026-09-02 12:00:56.263 | DEBUG    | et_miner.gpu.row_split_chunks:run_chunked_dense_level:267 -     K=5 chunk 31/36: candidates [25,570, 26,125)
2026-09-02 12:00:56.264 | INFO     | et_miner.gpu.row_split_chunks:run_chunked_dense_level:285 -   K=5 chunk 31/36 filtering: 555 candidates → 41 frequent (7.4% pass rate, min_count=20,000)
2026-09-02 12:00:56.264 | DEBUG    | et_miner.gpu.row_split_chunks:run_chunked_dense_level:267 -     K=5 chunk 32/36: candidates [26,125, 26,189) (legacy sub-chunk)
2026-09-02 12:00:56.265 | INFO     | et_miner.gpu.row_split_chunks:run_chunked_dense_level:285 -   K=5 chunk 32/36 filtering: 64 candidates → 0 frequent (0.0% pass rate, min_count=20,000)
2026-09-02 12:00:56.265 | DEBUG    | et_miner.gpu.row_split_chunks:run_chunked_dense_level:267 -     K=5 chunk 33/36: candidates [26,189, 26,387)
2026-09-02 12:00:56.266 | INFO     | et_miner.gpu.row_split_chunks:run_chunked_dense_level:285 -   K=5 chunk 33/36 filtering: 198 candidates → 7 frequent (3.5% pass rate, min_count=20,000)
2026-09-02 12:00:56.266 | DEBUG    | et_miner.gpu.row_split_chunks:run_chunked_dense_level:267 -     K=5 chunk 34/36: candidates [26,387, 26,599) (legacy sub-chunk)
2026-09-02 12:00:56.267 | INFO     | et_miner.gpu.row_split_chunks:run_chunked_dense_level:285 -   K=5 chunk 34/36 filtering: 212 candidates → 0 frequent (0.0% pass rate, min_count=20,000)
2026-09-02 12:00:56.267 | DEBUG    | et_miner.gpu.row_split_chunks:run_chunked_dense_level:267 -     K=5 chunk 35/36: candidates [26,599, 26,690)
2026-09-02 12:00:56.269 | INFO     | et_miner.gpu.row_split_chunks:run_chunked_dense_level:285 -   K=5 chunk 35/36 filtering: 91 candidates → 4 frequent (4.4% pass rate, min_count=20,000)
2026-09-02 12:00:56.269 | DEBUG    | et_miner.gpu.row_split_chunks:run_chunked_dense_level:267 -     K=5 chunk 36/36: candidates [26,690, 27,012) (legacy sub-chunk)
2026-09-02 12:00:56.270 | INFO     | et_miner.gpu.row_split_chunks:run_chunked_dense_level:285 -   K=5 chunk 36/36 filtering: 322 candidates → 112 frequent (34.8% pass rate, min_count=20,000)
2026-09-02 12:00:56.271 | INFO     | et_miner.gpu.row_split:_apriori_row_split_multi_gpu:599 -   K=5: 2,683 frequent in 0.1s
2026-09-02 12:00:56.271 | DEBUG    | et_miner.gpu.row_split:_apriori_row_split_multi_gpu:631 -     Pruning: zeroed 14 dead bitvecs at K=5 (1 MB logical × 2 GPUs)
2026-09-02 12:00:56.272 | DEBUG    | et_miner.gpu.row_split:_apriori_row_split_multi_gpu:535 -   K=6: 16,631 candidates, 44 chunk(s), group data 0.0 GB, budget 3,962,564,679 cands/chunk
2026-09-02 12:00:56.273 | DEBUG    | et_miner.gpu.row_split_chunks:run_chunked_dense_level:267 -     K=6 chunk 1/44: candidates [0, 3,336)
2026-09-02 12:00:56.276 | INFO     | et_miner.gpu.row_split_chunks:run_chunked_dense_level:285 -   K=6 chunk 1/44 filtering: 3,336 candidates → 372 frequent (11.2% pass rate, min_count=20,000)
2026-09-02 12:00:56.276 | DEBUG    | et_miner.gpu.row_split_chunks:run_chunked_dense_level:267 -     K=6 chunk 2/44: candidates [3,336, 3,400) (legacy sub-chunk)
2026-09-02 12:00:56.277 | INFO     | et_miner.gpu.row_split_chunks:run_chunked_dense_level:285 -   K=6 chunk 2/44 filtering: 64 candidates → 0 frequent (0.0% pass rate, min_count=20,000)
2026-09-02 12:00:56.277 | DEBUG    | et_miner.gpu.row_split_chunks:run_chunked_dense_level:267 -     K=6 chunk 3/44: candidates [3,400, 5,256)
2026-09-02 12:00:56.279 | INFO     | et_miner.gpu.row_split_chunks:run_chunked_dense_level:285 -   K=6 chunk 3/44 filtering: 1,856 candidates → 174 frequent (9.4% pass rate, min_count=20,000)
2026-09-02 12:00:56.279 | DEBUG    | et_miner.gpu.row_split_chunks:run_chunked_dense_level:267 -     K=6 chunk 4/44: candidates [5,256, 5,333) (legacy sub-chunk)
2026-09-02 12:00:56.280 | INFO     | et_miner.gpu.row_split_chunks:run_chunked_dense_level:285 -   K=6 chunk 4/44 filtering: 77 candidates → 0 frequent (0.0% pass rate, min_count=20,000)
2026-09-02 12:00:56.280 | DEBUG    | et_miner.gpu.row_split_chunks:run_chunked_dense_level:267 -     K=6 chunk 5/44: candidates [5,333, 6,280)
2026-09-02 12:00:56.282 | INFO     | et_miner.gpu.row_split_chunks:run_chunked_dense_level:285 -   K=6 chunk 5/44 filtering: 947 candidates → 64 frequent (6.8% pass rate, min_count=20,000)
2026-09-02 12:00:56.282 | DEBUG    | et_miner.gpu.row_split_chunks:run_chunked_dense_level:267 -     K=6 chunk 6/44: candidates [6,280, 6,366) (legacy sub-chunk)
2026-09-02 12:00:56.283 | INFO     | et_miner.gpu.row_split_chunks:run_chunked_dense_level:285 -   K=6 chunk 6/44 filtering: 86 candidates → 0 frequent (0.0% pass rate, min_count=20,000)
2026-09-02 12:00:56.283 | DEBUG    | et_miner.gpu.row_split_chunks:run_chunked_dense_level:267 -     K=6 chunk 7/44: candidates [6,366, 6,754)
2026-09-02 12:00:56.284 | INFO     | et_miner.gpu.row_split_chunks:run_chunked_dense_level:285 -   K=6 chunk 7/44 filtering: 388 candidates → 17 frequent (4.4% pass rate, min_count=20,000)
2026-09-02 12:00:56.284 | DEBUG    | et_miner.gpu.row_split_chunks:run_chunked_dense_level:267 -     K=6 chunk 8/44: candidates [6,754, 6,845) (legacy sub-chunk)
2026-09-02 12:00:56.285 | INFO     | et_miner.gpu.row_split_chunks:run_chunked_dense_level:285 -   K=6 chunk 8/44 filtering: 91 candidates → 0 frequent (0.0% pass rate, min_count=20,000)
2026-09-02 12:00:56.285 | DEBUG    | et_miner.gpu.row_split_chunks:run_chunked_dense_level:267 -     K=6 chunk 9/44: candidates [6,845, 6,936)
2026-09-02 12:00:56.287 | INFO     | et_miner.gpu.row_split_chunks:run_chunked_dense_level:285 -   K=6 chunk 9/44 filtering: 91 candidates → 2 frequent (2.2% pass rate, min_count=20,000)
2026-09-02 12:00:56.287 | DEBUG    | et_miner.gpu.row_split_chunks:run_chunked_dense_level:267 -     K=6 chunk 10/44: candidates [6,936, 7,119) (legacy sub-chunk)
2026-09-02 12:00:56.288 | INFO     | et_miner.gpu.row_split_chunks:run_chunked_dense_level:285 -   K=6 chunk 10/44 filtering: 183 candidates → 0 frequent (0.0% pass rate, min_count=20,000)
2026-09-02 12:00:56.288 | DEBUG    | et_miner.gpu.row_split_chunks:run_chunked_dense_level:267 -     K=6 chunk 11/44: candidates [7,119, 8,588)
2026-09-02 12:00:56.289 | INFO     | et_miner.gpu.row_split_chunks:run_chunked_dense_level:285 -   K=6 chunk 11/44 filtering: 1,469 candidates → 150 frequent (10.2% pass rate, min_count=20,000)
2026-09-02 12:00:56.289 | DEBUG    | et_miner.gpu.row_split_chunks:run_chunked_dense_level:267 -     K=6 chunk 12/44: candidates [8,588, 8,689) (legacy sub-chunk)
2026-09-02 12:00:56.290 | INFO     | et_miner.gpu.row_split_chunks:run_chunked_dense_level:285 -   K=6 chunk 12/44 filtering: 101 candidates → 0 frequent (0.0% pass rate, min_count=20,000)
2026-09-02 12:00:56.291 | DEBUG    | et_miner.gpu.row_split_chunks:run_chunked_dense_level:267 -     K=6 chunk 13/44: candidates [8,689, 9,382)
2026-09-02 12:00:56.292 | INFO     | et_miner.gpu.row_split_chunks:run_chunked_dense_level:285 -   K=6 chunk 13/44 filtering: 693 candidates → 52 frequent (7.5% pass rate, min_count=20,000)
2026-09-02 12:00:56.292 | DEBUG    | et_miner.gpu.row_split_chunks:run_chunked_dense_level:267 -     K=6 chunk 14/44: candidates [9,382, 9,487) (legacy sub-chunk)
2026-09-02 12:00:56.293 | INFO     | et_miner.gpu.row_split_chunks:run_chunked_dense_level:285 -   K=6 chunk 14/44 filtering: 105 candidates → 0 frequent (0.0% pass rate, min_count=20,000)
2026-09-02 12:00:56.293 | DEBUG    | et_miner.gpu.row_split_chunks:run_chunked_dense_level:267 -     K=6 chunk 15/44: candidates [9,487, 9,811)
2026-09-02 12:00:56.294 | INFO     | et_miner.gpu.row_split_chunks:run_chunked_dense_level:285 -   K=6 chunk 15/44 filtering: 324 candidates → 12 frequent (3.7% pass rate, min_count=20,000)
2026-09-02 12:00:56.294 | DEBUG    | et_miner.gpu.row_split_chunks:run_chunked_dense_level:267 -     K=6 chunk 16/44: candidates [9,811, 9,875) (legacy sub-chunk)
2026-09-02 12:00:56.295 | INFO     | et_miner.gpu.row_split_chunks:run_chunked_dense_level:285 -   K=6 chunk 16/44 filtering: 64 candidates → 0 frequent (0.0% pass rate, min_count=20,000)
2026-09-02 12:00:56.296 | DEBUG    | et_miner.gpu.row_split_chunks:run_chunked_dense_level:267 -     K=6 chunk 17/44: candidates [9,875, 9,941)
2026-09-02 12:00:56.297 | INFO     | et_miner.gpu.row_split_chunks:run_chunked_dense_level:285 -   K=6 chunk 17/44 filtering: 66 candidates → 1 frequent (1.5% pass rate, min_count=20,000)
2026-09-02 12:00:56.297 | DEBUG    | et_miner.gpu.row_split_chunks:run_chunked_dense_level:267 -     K=6 chunk 18/44: candidates [9,941, 10,073) (legacy sub-chunk)
2026-09-02 12:00:56.298 | INFO     | et_miner.gpu.row_split_chunks:run_chunked_dense_level:285 -   K=6 chunk 18/44 filtering: 132 candidates → 0 frequent (0.0% pass rate, min_count=20,000)
2026-09-02 12:00:56.298 | DEBUG    | et_miner.gpu.row_split_chunks:run_chunked_dense_level:267 -     K=6 chunk 19/44: candidates [10,073, 10,628)
2026-09-02 12:00:56.299 | INFO     | et_miner.gpu.row_split_chunks:run_chunked_dense_level:285 -   K=6 chunk 19/44 filtering: 555 candidates → 40 frequent (7.2% pass rate, min_count=20,000)
2026-09-02 12:00:56.299 | DEBUG    | et_miner.gpu.row_split_chunks:run_chunked_dense_level:267 -     K=6 chunk 20/44: candidates [10,628, 10,692) (legacy sub-chunk)
2026-09-02 12:00:56.300 | INFO     | et_miner.gpu.row_split_chunks:run_chunked_dense_level:285 -   K=6 chunk 20/44 filtering: 64 candidates → 0 frequent (0.0% pass rate, min_count=20,000)
2026-09-02 12:00:56.300 | DEBUG    | et_miner.gpu.row_split_chunks:run_chunked_dense_level:267 -     K=6 chunk 21/44: candidates [10,692, 10,890)
2026-09-02 12:00:56.302 | INFO     | et_miner.gpu.row_split_chunks:run_chunked_dense_level:285 -   K=6 chunk 21/44 filtering: 198 candidates → 7 frequent (3.5% pass rate, min_count=20,000)
2026-09-02 12:00:56.302 | DEBUG    | et_miner.gpu.row_split_chunks:run_chunked_dense_level:267 -     K=6 chunk 22/44: candidates [10,890, 11,095) (legacy sub-chunk)
2026-09-02 12:00:56.303 | INFO     | et_miner.gpu.row_split_chunks:run_chunked_dense_level:285 -   K=6 chunk 22/44 filtering: 205 candidates → 0 frequent (0.0% pass rate, min_count=20,000)
2026-09-02 12:00:56.303 | DEBUG    | et_miner.gpu.row_split_chunks:run_chunked_dense_level:267 -     K=6 chunk 23/44: candidates [11,095, 11,186)
2026-09-02 12:00:56.304 | INFO     | et_miner.gpu.row_split_chunks:run_chunked_dense_level:285 -   K=6 chunk 23/44 filtering: 91 candidates → 4 frequent (4.4% pass rate, min_count=20,000)
2026-09-02 12:00:56.304 | DEBUG    | et_miner.gpu.row_split_chunks:run_chunked_dense_level:267 -     K=6 chunk 24/44: candidates [11,186, 11,508) (legacy sub-chunk)
2026-09-02 12:00:56.305 | INFO     | et_miner.gpu.row_split_chunks:run_chunked_dense_level:285 -   K=6 chunk 24/44 filtering: 322 candidates → 112 frequent (34.8% pass rate, min_count=20,000)
2026-09-02 12:00:56.306 | DEBUG    | et_miner.gpu.row_split_chunks:run_chunked_dense_level:267 -     K=6 chunk 25/44: candidates [11,508, 12,920)
2026-09-02 12:00:56.307 | INFO     | et_miner.gpu.row_split_chunks:run_chunked_dense_level:285 -   K=6 chunk 25/44 filtering: 1,412 candidates → 139 frequent (9.8% pass rate, min_count=20,000)
2026-09-02 12:00:56.307 | DEBUG    | et_miner.gpu.row_split_chunks:run_chunked_dense_level:267 -     K=6 chunk 26/44: candidates [12,920, 13,006) (legacy sub-chunk)
2026-09-02 12:00:56.308 | INFO     | et_miner.gpu.row_split_chunks:run_chunked_dense_level:285 -   K=6 chunk 26/44 filtering: 86 candidates → 0 frequent (0.0% pass rate, min_count=20,000)
2026-09-02 12:00:56.308 | DEBUG    | et_miner.gpu.row_split_chunks:run_chunked_dense_level:267 -     K=6 chunk 27/44: candidates [13,006, 13,663)
2026-09-02 12:00:56.310 | INFO     | et_miner.gpu.row_split_chunks:run_chunked_dense_level:285 -   K=6 chunk 27/44 filtering: 657 candidates → 49 frequent (7.5% pass rate, min_count=20,000)
2026-09-02 12:00:56.310 | DEBUG    | et_miner.gpu.row_split_chunks:run_chunked_dense_level:267 -     K=6 chunk 28/44: candidates [13,663, 13,764) (legacy sub-chunk)
2026-09-02 12:00:56.311 | INFO     | et_miner.gpu.row_split_chunks:run_chunked_dense_level:285 -   K=6 chunk 28/44 filtering: 101 candidates → 0 frequent (0.0% pass rate, min_count=20,000)
2026-09-02 12:00:56.311 | DEBUG    | et_miner.gpu.row_split_chunks:run_chunked_dense_level:267 -     K=6 chunk 29/44: candidates [13,764, 13,991)
2026-09-02 12:00:56.312 | INFO     | et_miner.gpu.row_split_chunks:run_chunked_dense_level:285 -   K=6 chunk 29/44 filtering: 227 candidates → 11 frequent (4.8% pass rate, min_count=20,000)
2026-09-02 12:00:56.312 | DEBUG    | et_miner.gpu.row_split_chunks:run_chunked_dense_level:267 -     K=6 chunk 30/44: candidates [13,991, 14,103) (legacy sub-chunk)
2026-09-02 12:00:56.313 | INFO     | et_miner.gpu.row_split_chunks:run_chunked_dense_level:285 -   K=6 chunk 30/44 filtering: 112 candidates → 0 frequent (0.0% pass rate, min_count=20,000)
2026-09-02 12:00:56.313 | DEBUG    | et_miner.gpu.row_split_chunks:run_chunked_dense_level:267 -     K=6 chunk 31/44: candidates [14,103, 14,169)
2026-09-02 12:00:56.314 | INFO     | et_miner.gpu.row_split_chunks:run_chunked_dense_level:285 -   K=6 chunk 31/44 filtering: 66 candidates → 1 frequent (1.5% pass rate, min_count=20,000)
2026-09-02 12:00:56.314 | DEBUG    | et_miner.gpu.row_split_chunks:run_chunked_dense_level:267 -     K=6 chunk 32/44: candidates [14,169, 14,274) (legacy sub-chunk)
2026-09-02 12:00:56.315 | INFO     | et_miner.gpu.row_split_chunks:run_chunked_dense_level:285 -   K=6 chunk 32/44 filtering: 105 candidates → 0 frequent (0.0% pass rate, min_count=20,000)
2026-09-02 12:00:56.315 | DEBUG    | et_miner.gpu.row_split_chunks:run_chunked_dense_level:267 -     K=6 chunk 33/44: candidates [14,274, 14,794)
2026-09-02 12:00:56.317 | INFO     | et_miner.gpu.row_split_chunks:run_chunked_dense_level:285 -   K=6 chunk 33/44 filtering: 520 candidates → 36 frequent (6.9% pass rate, min_count=20,000)
2026-09-02 12:00:56.317 | DEBUG    | et_miner.gpu.row_split_chunks:run_chunked_dense_level:267 -     K=6 chunk 34/44: candidates [14,794, 14,852) (legacy sub-chunk)
2026-09-02 12:00:56.318 | INFO     | et_miner.gpu.row_split_chunks:run_chunked_dense_level:285 -   K=6 chunk 34/44 filtering: 58 candidates → 0 frequent (0.0% pass rate, min_count=20,000)
2026-09-02 12:00:56.318 | DEBUG    | et_miner.gpu.row_split_chunks:run_chunked_dense_level:267 -     K=6 chunk 35/44: candidates [14,852, 15,023)
2026-09-02 12:00:56.319 | INFO     | et_miner.gpu.row_split_chunks:run_chunked_dense_level:285 -   K=6 chunk 35/44 filtering: 171 candidates → 7 frequent (4.1% pass rate, min_count=20,000)
2026-09-02 12:00:56.319 | DEBUG    | et_miner.gpu.row_split_chunks:run_chunked_dense_level:267 -     K=6 chunk 36/44: candidates [15,023, 15,195) (legacy sub-chunk)
2026-09-02 12:00:56.320 | INFO     | et_miner.gpu.row_split_chunks:run_chunked_dense_level:285 -   K=6 chunk 36/44 filtering: 172 candidates → 0 frequent (0.0% pass rate, min_count=20,000)
2026-09-02 12:00:56.320 | DEBUG    | et_miner.gpu.row_split_chunks:run_chunked_dense_level:267 -     K=6 chunk 37/44: candidates [15,195, 15,273)
2026-09-02 12:00:56.322 | INFO     | et_miner.gpu.row_split_chunks:run_chunked_dense_level:285 -   K=6 chunk 37/44 filtering: 78 candidates → 4 frequent (5.1% pass rate, min_count=20,000)
2026-09-02 12:00:56.322 | DEBUG    | et_miner.gpu.row_split_chunks:run_chunked_dense_level:267 -     K=6 chunk 38/44: candidates [15,273, 15,552) (legacy sub-chunk)
2026-09-02 12:00:56.323 | INFO     | et_miner.gpu.row_split_chunks:run_chunked_dense_level:285 -   K=6 chunk 38/44 filtering: 279 candidates → 112 frequent (40.1% pass rate, min_count=20,000)
2026-09-02 12:00:56.323 | DEBUG    | et_miner.gpu.row_split_chunks:run_chunked_dense_level:267 -     K=6 chunk 39/44: candidates [15,552, 15,921)
2026-09-02 12:00:56.324 | INFO     | et_miner.gpu.row_split_chunks:run_chunked_dense_level:285 -   K=6 chunk 39/44 filtering: 369 candidates → 29 frequent (7.9% pass rate, min_count=20,000)
2026-09-02 12:00:56.325 | DEBUG    | et_miner.gpu.row_split_chunks:run_chunked_dense_level:267 -     K=6 chunk 40/44: candidates [15,921, 16,007) (legacy sub-chunk)
2026-09-02 12:00:56.326 | INFO     | et_miner.gpu.row_split_chunks:run_chunked_dense_level:285 -   K=6 chunk 40/44 filtering: 86 candidates → 0 frequent (0.0% pass rate, min_count=20,000)
2026-09-02 12:00:56.326 | DEBUG    | et_miner.gpu.row_split_chunks:run_chunked_dense_level:267 -     K=6 chunk 41/44: candidates [16,007, 16,098)
2026-09-02 12:00:56.327 | INFO     | et_miner.gpu.row_split_chunks:run_chunked_dense_level:285 -   K=6 chunk 41/44 filtering: 91 candidates → 4 frequent (4.4% pass rate, min_count=20,000)
2026-09-02 12:00:56.327 | DEBUG    | et_miner.gpu.row_split_chunks:run_chunked_dense_level:267 -     K=6 chunk 42/44: candidates [16,098, 16,276) (legacy sub-chunk)
2026-09-02 12:00:56.328 | INFO     | et_miner.gpu.row_split_chunks:run_chunked_dense_level:285 -   K=6 chunk 42/44 filtering: 178 candidates → 0 frequent (0.0% pass rate, min_count=20,000)
2026-09-02 12:00:56.328 | DEBUG    | et_miner.gpu.row_split_chunks:run_chunked_dense_level:267 -     K=6 chunk 43/44: candidates [16,276, 16,342)
2026-09-02 12:00:56.329 | INFO     | et_miner.gpu.row_split_chunks:run_chunked_dense_level:285 -   K=6 chunk 43/44 filtering: 66 candidates → 2 frequent (3.0% pass rate, min_count=20,000)
2026-09-02 12:00:56.329 | DEBUG    | et_miner.gpu.row_split_chunks:run_chunked_dense_level:267 -     K=6 chunk 44/44: candidates [16,342, 16,631) (legacy sub-chunk)
2026-09-02 12:00:56.331 | INFO     | et_miner.gpu.row_split_chunks:run_chunked_dense_level:285 -   K=6 chunk 44/44 filtering: 289 candidates → 57 frequent (19.7% pass rate, min_count=20,000)
2026-09-02 12:00:56.331 | INFO     | et_miner.gpu.row_split:_apriori_row_split_multi_gpu:599 -   K=6: 1,458 frequent in 0.1s
2026-09-02 12:00:56.332 | DEBUG    | et_miner.gpu.row_split:_apriori_row_split_multi_gpu:631 -     Pruning: zeroed 11 dead bitvecs at K=6 (0 MB logical × 2 GPUs)
2026-09-02 12:00:56.333 | DEBUG    | et_miner.gpu.row_split:_apriori_row_split_multi_gpu:535 -   K=7: 6,009 candidates, 24 chunk(s), group data 0.0 GB, budget 3,962,566,136 cands/chunk
2026-09-02 12:00:56.333 | DEBUG    | et_miner.gpu.row_split_chunks:run_chunked_dense_level:267 -     K=7 chunk 1/24: candidates [0, 1,390)
2026-09-02 12:00:56.336 | INFO     | et_miner.gpu.row_split_chunks:run_chunked_dense_level:285 -   K=7 chunk 1/24 filtering: 1,390 candidates → 138 frequent (9.9% pass rate, min_count=20,000)
2026-09-02 12:00:56.336 | DEBUG    | et_miner.gpu.row_split_chunks:run_chunked_dense_level:267 -     K=7 chunk 2/24: candidates [1,390, 1,476) (legacy sub-chunk)
2026-09-02 12:00:56.337 | INFO     | et_miner.gpu.row_split_chunks:run_chunked_dense_level:285 -   K=7 chunk 2/24 filtering: 86 candidates → 0 frequent (0.0% pass rate, min_count=20,000)
2026-09-02 12:00:56.337 | DEBUG    | et_miner.gpu.row_split_chunks:run_chunked_dense_level:267 -     K=7 chunk 3/24: candidates [1,476, 2,117)
2026-09-02 12:00:56.338 | INFO     | et_miner.gpu.row_split_chunks:run_chunked_dense_level:285 -   K=7 chunk 3/24 filtering: 641 candidates → 49 frequent (7.6% pass rate, min_count=20,000)
2026-09-02 12:00:56.338 | DEBUG    | et_miner.gpu.row_split_chunks:run_chunked_dense_level:267 -     K=7 chunk 4/24: candidates [2,117, 2,218) (legacy sub-chunk)
2026-09-02 12:00:56.339 | INFO     | et_miner.gpu.row_split_chunks:run_chunked_dense_level:285 -   K=7 chunk 4/24 filtering: 101 candidates → 0 frequent (0.0% pass rate, min_count=20,000)
2026-09-02 12:00:56.339 | DEBUG    | et_miner.gpu.row_split_chunks:run_chunked_dense_level:267 -     K=7 chunk 5/24: candidates [2,218, 2,445)
2026-09-02 12:00:56.341 | INFO     | et_miner.gpu.row_split_chunks:run_chunked_dense_level:285 -   K=7 chunk 5/24 filtering: 227 candidates → 11 frequent (4.8% pass rate, min_count=20,000)
2026-09-02 12:00:56.341 | DEBUG    | et_miner.gpu.row_split_chunks:run_chunked_dense_level:267 -     K=7 chunk 6/24: candidates [2,445, 2,549) (legacy sub-chunk)
2026-09-02 12:00:56.342 | INFO     | et_miner.gpu.row_split_chunks:run_chunked_dense_level:285 -   K=7 chunk 6/24 filtering: 104 candidates → 0 frequent (0.0% pass rate, min_count=20,000)
2026-09-02 12:00:56.342 | DEBUG    | et_miner.gpu.row_split_chunks:run_chunked_dense_level:267 -     K=7 chunk 7/24: candidates [2,549, 2,615)
2026-09-02 12:00:56.344 | INFO     | et_miner.gpu.row_split_chunks:run_chunked_dense_level:285 -   K=7 chunk 7/24 filtering: 66 candidates → 1 frequent (1.5% pass rate, min_count=20,000)
2026-09-02 12:00:56.344 | DEBUG    | et_miner.gpu.row_split_chunks:run_chunked_dense_level:267 -     K=7 chunk 8/24: candidates [2,615, 2,720) (legacy sub-chunk)
2026-09-02 12:00:56.345 | INFO     | et_miner.gpu.row_split_chunks:run_chunked_dense_level:285 -   K=7 chunk 8/24 filtering: 105 candidates → 0 frequent (0.0% pass rate, min_count=20,000)
2026-09-02 12:00:56.345 | DEBUG    | et_miner.gpu.row_split_chunks:run_chunked_dense_level:267 -     K=7 chunk 9/24: candidates [2,720, 3,174)
2026-09-02 12:00:56.346 | INFO     | et_miner.gpu.row_split_chunks:run_chunked_dense_level:285 -   K=7 chunk 9/24 filtering: 454 candidates → 36 frequent (7.9% pass rate, min_count=20,000)
2026-09-02 12:00:56.346 | DEBUG    | et_miner.gpu.row_split_chunks:run_chunked_dense_level:267 -     K=7 chunk 10/24: candidates [3,174, 3,287) (legacy sub-chunk)
2026-09-02 12:00:56.347 | INFO     | et_miner.gpu.row_split_chunks:run_chunked_dense_level:285 -   K=7 chunk 10/24 filtering: 113 candidates → 0 frequent (0.0% pass rate, min_count=20,000)
2026-09-02 12:00:56.348 | DEBUG    | et_miner.gpu.row_split_chunks:run_chunked_dense_level:267 -     K=7 chunk 11/24: candidates [3,287, 3,458)
2026-09-02 12:00:56.349 | INFO     | et_miner.gpu.row_split_chunks:run_chunked_dense_level:285 -   K=7 chunk 11/24 filtering: 171 candidates → 7 frequent (4.1% pass rate, min_count=20,000)
2026-09-02 12:00:56.349 | DEBUG    | et_miner.gpu.row_split_chunks:run_chunked_dense_level:267 -     K=7 chunk 12/24: candidates [3,458, 3,630) (legacy sub-chunk)
2026-09-02 12:00:56.350 | INFO     | et_miner.gpu.row_split_chunks:run_chunked_dense_level:285 -   K=7 chunk 12/24 filtering: 172 candidates → 0 frequent (0.0% pass rate, min_count=20,000)
2026-09-02 12:00:56.350 | DEBUG    | et_miner.gpu.row_split_chunks:run_chunked_dense_level:267 -     K=7 chunk 13/24: candidates [3,630, 3,708)
2026-09-02 12:00:56.351 | INFO     | et_miner.gpu.row_split_chunks:run_chunked_dense_level:285 -   K=7 chunk 13/24 filtering: 78 candidates → 4 frequent (5.1% pass rate, min_count=20,000)
2026-09-02 12:00:56.351 | DEBUG    | et_miner.gpu.row_split_chunks:run_chunked_dense_level:267 -     K=7 chunk 14/24: candidates [3,708, 3,872) (legacy sub-chunk)
2026-09-02 12:00:56.352 | INFO     | et_miner.gpu.row_split_chunks:run_chunked_dense_level:285 -   K=7 chunk 14/24 filtering: 164 candidates → 0 frequent (0.0% pass rate, min_count=20,000)
2026-09-02 12:00:56.352 | DEBUG    | et_miner.gpu.row_split_chunks:run_chunked_dense_level:267 -     K=7 chunk 15/24: candidates [3,872, 4,241)
2026-09-02 12:00:56.354 | INFO     | et_miner.gpu.row_split_chunks:run_chunked_dense_level:285 -   K=7 chunk 15/24 filtering: 369 candidates → 29 frequent (7.9% pass rate, min_count=20,000)
2026-09-02 12:00:56.354 | DEBUG    | et_miner.gpu.row_split_chunks:run_chunked_dense_level:267 -     K=7 chunk 16/24: candidates [4,241, 4,327) (legacy sub-chunk)
2026-09-02 12:00:56.355 | INFO     | et_miner.gpu.row_split_chunks:run_chunked_dense_level:285 -   K=7 chunk 16/24 filtering: 86 candidates → 0 frequent (0.0% pass rate, min_count=20,000)
2026-09-02 12:00:56.355 | DEBUG    | et_miner.gpu.row_split_chunks:run_chunked_dense_level:267 -     K=7 chunk 17/24: candidates [4,327, 4,418)
2026-09-02 12:00:56.356 | INFO     | et_miner.gpu.row_split_chunks:run_chunked_dense_level:285 -   K=7 chunk 17/24 filtering: 91 candidates → 4 frequent (4.4% pass rate, min_count=20,000)
2026-09-02 12:00:56.356 | DEBUG    | et_miner.gpu.row_split_chunks:run_chunked_dense_level:267 -     K=7 chunk 18/24: candidates [4,418, 4,596) (legacy sub-chunk)
2026-09-02 12:00:56.357 | INFO     | et_miner.gpu.row_split_chunks:run_chunked_dense_level:285 -   K=7 chunk 18/24 filtering: 178 candidates → 0 frequent (0.0% pass rate, min_count=20,000)
2026-09-02 12:00:56.357 | DEBUG    | et_miner.gpu.row_split_chunks:run_chunked_dense_level:267 -     K=7 chunk 19/24: candidates [4,596, 4,662)
2026-09-02 12:00:56.358 | INFO     | et_miner.gpu.row_split_chunks:run_chunked_dense_level:285 -   K=7 chunk 19/24 filtering: 66 candidates → 2 frequent (3.0% pass rate, min_count=20,000)
2026-09-02 12:00:56.359 | DEBUG    | et_miner.gpu.row_split_chunks:run_chunked_dense_level:267 -     K=7 chunk 20/24: candidates [4,662, 4,950) (legacy sub-chunk)
2026-09-02 12:00:56.360 | INFO     | et_miner.gpu.row_split_chunks:run_chunked_dense_level:285 -   K=7 chunk 20/24 filtering: 288 candidates → 57 frequent (19.8% pass rate, min_count=20,000)
2026-09-02 12:00:56.360 | DEBUG    | et_miner.gpu.row_split_chunks:run_chunked_dense_level:267 -     K=7 chunk 21/24: candidates [4,950, 5,292)
2026-09-02 12:00:56.361 | INFO     | et_miner.gpu.row_split_chunks:run_chunked_dense_level:285 -   K=7 chunk 21/24 filtering: 342 candidates → 26 frequent (7.6% pass rate, min_count=20,000)
2026-09-02 12:00:56.361 | DEBUG    | et_miner.gpu.row_split_chunks:run_chunked_dense_level:267 -     K=7 chunk 22/24: candidates [5,292, 5,369) (legacy sub-chunk)
2026-09-02 12:00:56.362 | INFO     | et_miner.gpu.row_split_chunks:run_chunked_dense_level:285 -   K=7 chunk 22/24 filtering: 77 candidates → 0 frequent (0.0% pass rate, min_count=20,000)
2026-09-02 12:00:56.362 | DEBUG    | et_miner.gpu.row_split_chunks:run_chunked_dense_level:267 -     K=7 chunk 23/24: candidates [5,369, 5,447)
2026-09-02 12:00:56.364 | INFO     | et_miner.gpu.row_split_chunks:run_chunked_dense_level:285 -   K=7 chunk 23/24 filtering: 78 candidates → 4 frequent (5.1% pass rate, min_count=20,000)
2026-09-02 12:00:56.364 | DEBUG    | et_miner.gpu.row_split_chunks:run_chunked_dense_level:267 -     K=7 chunk 24/24: candidates [5,447, 6,009) (legacy sub-chunk)
2026-09-02 12:00:56.365 | INFO     | et_miner.gpu.row_split_chunks:run_chunked_dense_level:285 -   K=7 chunk 24/24 filtering: 562 candidates → 75 frequent (13.3% pass rate, min_count=20,000)
2026-09-02 12:00:56.366 | INFO     | et_miner.gpu.row_split:_apriori_row_split_multi_gpu:599 -   K=7: 443 frequent in 0.0s
2026-09-02 12:00:56.366 | DEBUG    | et_miner.gpu.row_split:_apriori_row_split_multi_gpu:631 -     Pruning: zeroed 11 dead bitvecs at K=7 (0 MB logical × 2 GPUs)
2026-09-02 12:00:56.367 | DEBUG    | et_miner.gpu.row_split:_apriori_row_split_multi_gpu:535 -   K=8: 1,069 candidates, 4 chunk(s), group data 0.0 GB, budget 3,962,567,806 cands/chunk
2026-09-02 12:00:56.368 | DEBUG    | et_miner.gpu.row_split_chunks:run_chunked_dense_level:267 -     K=8 chunk 1/4: candidates [0, 342)
2026-09-02 12:00:56.369 | INFO     | et_miner.gpu.row_split_chunks:run_chunked_dense_level:285 -   K=8 chunk 1/4 filtering: 342 candidates → 26 frequent (7.6% pass rate, min_count=20,000)
2026-09-02 12:00:56.369 | DEBUG    | et_miner.gpu.row_split_chunks:run_chunked_dense_level:267 -     K=8 chunk 2/4: candidates [342, 419) (legacy sub-chunk)
2026-09-02 12:00:56.371 | INFO     | et_miner.gpu.row_split_chunks:run_chunked_dense_level:285 -   K=8 chunk 2/4 filtering: 77 candidates → 0 frequent (0.0% pass rate, min_count=20,000)
2026-09-02 12:00:56.371 | DEBUG    | et_miner.gpu.row_split_chunks:run_chunked_dense_level:267 -     K=8 chunk 3/4: candidates [419, 497)
2026-09-02 12:00:56.372 | INFO     | et_miner.gpu.row_split_chunks:run_chunked_dense_level:285 -   K=8 chunk 3/4 filtering: 78 candidates → 4 frequent (5.1% pass rate, min_count=20,000)
2026-09-02 12:00:56.372 | DEBUG    | et_miner.gpu.row_split_chunks:run_chunked_dense_level:267 -     K=8 chunk 4/4: candidates [497, 1,069) (legacy sub-chunk)
2026-09-02 12:00:56.374 | INFO     | et_miner.gpu.row_split_chunks:run_chunked_dense_level:285 -   K=8 chunk 4/4 filtering: 572 candidates → 37 frequent (6.5% pass rate, min_count=20,000)
2026-09-02 12:00:56.374 | INFO     | et_miner.gpu.row_split:_apriori_row_split_multi_gpu:599 -   K=8: 67 frequent in 0.0s
2026-09-02 12:00:56.375 | DEBUG    | et_miner.gpu.row_split:_apriori_row_split_multi_gpu:631 -     Pruning: zeroed 10 dead bitvecs at K=8 (0 MB logical × 2 GPUs)
2026-09-02 12:00:56.375 | DEBUG    | et_miner.gpu.row_split:_apriori_row_split_multi_gpu:535 -   K=9: 62 candidates, 1 chunk(s), group data 0.0 GB, budget 3,962,568,570 cands/chunk
2026-09-02 12:00:56.378 | INFO     | et_miner.gpu.row_split_chunks:run_chunked_dense_level:285 -   K=9 chunk 1/1 filtering: 62 candidates → 4 frequent (6.5% pass rate, min_count=20,000)
2026-09-02 12:00:56.378 | INFO     | et_miner.gpu.row_split:_apriori_row_split_multi_gpu:599 -   K=9: 4 frequent in 0.0s
2026-09-02 12:00:56.379 | DEBUG    | et_miner.gpu.row_split:_apriori_row_split_multi_gpu:631 -     Pruning: zeroed 13 dead bitvecs at K=9 (0 MB logical × 2 GPUs)
