2026-09-02 12:01:02.209 | INFO     | et_miner.core.matrix:_build_csr_from_transactions:501 - Direct CSR path: 1,000,000 transactions, min_count=20000
2026-09-02 12:01:02.304 | INFO     | et_miner.core.matrix:_build_csr_from_transactions:524 - Direct CSR path: 118 frequent items
2026-09-02 12:01:02.483 | INFO     | et_miner.core.matrix:_build_csr_from_transactions:548 - Direct CSR path: 9,671,156 non-zeros
2026-09-02 12:01:02.817 | INFO     | et_miner.gpu.row_split:_apriori_row_split_multi_gpu:127 -   Row-split multi-GPU: 2 GPUs, min_count=20,000 (GPU-resident dense counting)
2026-09-02 12:01:03.056 | DEBUG    | et_miner.gpu.csr_bitvec:_build_shard:508 -   [GPU 0] Building bitvec: 303,469 rows, 4,835,579 nnz, ~0.0 GB (nnz-balanced)
2026-09-02 12:01:03.057 | DEBUG    | et_miner.gpu.csr_bitvec:_build_shard:508 -   [GPU 1] Building bitvec: 696,531 rows, 4,835,577 nnz, ~0.0 GB (nnz-balanced)
2026-09-02 12:01:03.207 | INFO     | et_miner.gpu.row_split:_apriori_row_split_multi_gpu:137 -   Bitvec build: 0.4s across 2 GPUs
2026-09-02 12:01:03.519 | INFO     | et_miner.gpu.row_split:_apriori_row_split_multi_gpu:170 -   NCCL: 2 communicators (ring all-reduce)
2026-09-02 12:01:03.573 | INFO     | et_miner.gpu.row_split:_apriori_row_split_multi_gpu:318 -   K=1: 118 frequent items in 0.1s
2026-09-02 12:01:03.574 | INFO     | et_miner.gpu.row_split:_apriori_row_split_multi_gpu:453 -   K=2: 6,903 total pairs, 1 chunk(s), dense output 0.00 GB/GPU per chunk
2026-09-02 12:01:03.678 | INFO     | et_miner.gpu.row_split_chunks:run_chunked_dense_level:285 -   K=2 chunk 1/1 filtering: 6,903 candidates → 717 frequent (10.4% pass rate, min_count=20,000)
2026-09-02 12:01:03.679 | INFO     | et_miner.gpu.row_split:_apriori_row_split_multi_gpu:599 -   K=2: 717 frequent in 0.1s
2026-09-02 12:01:03.682 | DEBUG    | et_miner.gpu.row_split:_apriori_row_split_multi_gpu:631 -     Pruning: zeroed 6 dead bitvecs at K=2 (0 MB logical × 2 GPUs)
2026-09-02 12:01:03.683 | DEBUG    | et_miner.gpu.row_split:_apriori_row_split_multi_gpu:535 -   K=3: 20,123 candidates, 2 chunk(s), group data 0.0 GB, budget 3,962,568,084 cands/chunk
2026-09-02 12:01:03.684 | DEBUG    | et_miner.gpu.row_split_chunks:run_chunked_dense_level:267 -     K=3 chunk 1/2: candidates [0, 19,925)
2026-09-02 12:01:03.691 | INFO     | et_miner.gpu.row_split_chunks:run_chunked_dense_level:285 -   K=3 chunk 1/2 filtering: 19,925 candidates → 1,816 frequent (9.1% pass rate, min_count=20,000)
2026-09-02 12:01:03.691 | DEBUG    | et_miner.gpu.row_split_chunks:run_chunked_dense_level:267 -     K=3 chunk 2/2: candidates [19,925, 20,123) (legacy sub-chunk)
2026-09-02 12:01:03.693 | INFO     | et_miner.gpu.row_split_chunks:run_chunked_dense_level:285 -   K=3 chunk 2/2 filtering: 198 candidates → 112 frequent (56.6% pass rate, min_count=20,000)
2026-09-02 12:01:03.694 | INFO     | et_miner.gpu.row_split:_apriori_row_split_multi_gpu:599 -   K=3: 1,928 frequent in 0.0s
2026-09-02 12:01:03.695 | DEBUG    | et_miner.gpu.row_split:_apriori_row_split_multi_gpu:631 -     Pruning: zeroed 18 dead bitvecs at K=3 (1 MB logical × 2 GPUs)
2026-09-02 12:01:03.696 | DEBUG    | et_miner.gpu.row_split:_apriori_row_split_multi_gpu:535 -   K=4: 27,493 candidates, 14 chunk(s), group data 0.0 GB, budget 3,962,566,671 cands/chunk
2026-09-02 12:01:03.698 | DEBUG    | et_miner.gpu.row_split_chunks:run_chunked_dense_level:267 -     K=4 chunk 1/14: candidates [0, 11,416)
2026-09-02 12:01:03.702 | INFO     | et_miner.gpu.row_split_chunks:run_chunked_dense_level:285 -   K=4 chunk 1/14 filtering: 11,416 candidates → 1,157 frequent (10.1% pass rate, min_count=20,000)
2026-09-02 12:01:03.702 | DEBUG    | et_miner.gpu.row_split_chunks:run_chunked_dense_level:267 -     K=4 chunk 2/14: candidates [11,416, 11,598) (legacy sub-chunk)
2026-09-02 12:01:03.704 | INFO     | et_miner.gpu.row_split_chunks:run_chunked_dense_level:285 -   K=4 chunk 2/14 filtering: 182 candidates → 112 frequent (61.5% pass rate, min_count=20,000)
2026-09-02 12:01:03.704 | DEBUG    | et_miner.gpu.row_split_chunks:run_chunked_dense_level:267 -     K=4 chunk 3/14: candidates [11,598, 18,516)
2026-09-02 12:01:03.707 | INFO     | et_miner.gpu.row_split_chunks:run_chunked_dense_level:285 -   K=4 chunk 3/14 filtering: 6,918 candidates → 729 frequent (10.5% pass rate, min_count=20,000)
2026-09-02 12:01:03.707 | DEBUG    | et_miner.gpu.row_split_chunks:run_chunked_dense_level:267 -     K=4 chunk 4/14: candidates [18,516, 18,714) (legacy sub-chunk)
2026-09-02 12:01:03.708 | INFO     | et_miner.gpu.row_split_chunks:run_chunked_dense_level:285 -   K=4 chunk 4/14 filtering: 198 candidates → 112 frequent (56.6% pass rate, min_count=20,000)
2026-09-02 12:01:03.709 | DEBUG    | et_miner.gpu.row_split_chunks:run_chunked_dense_level:267 -     K=4 chunk 5/14: candidates [18,714, 22,743)
2026-09-02 12:01:03.711 | INFO     | et_miner.gpu.row_split_chunks:run_chunked_dense_level:285 -   K=4 chunk 5/14 filtering: 4,029 candidates → 398 frequent (9.9% pass rate, min_count=20,000)
2026-09-02 12:01:03.711 | DEBUG    | et_miner.gpu.row_split_chunks:run_chunked_dense_level:267 -     K=4 chunk 6/14: candidates [22,743, 22,847) (legacy sub-chunk)
2026-09-02 12:01:03.712 | INFO     | et_miner.gpu.row_split_chunks:run_chunked_dense_level:285 -   K=4 chunk 6/14 filtering: 104 candidates → 0 frequent (0.0% pass rate, min_count=20,000)
2026-09-02 12:01:03.713 | DEBUG    | et_miner.gpu.row_split_chunks:run_chunked_dense_level:267 -     K=4 chunk 7/14: candidates [22,847, 25,053)
2026-09-02 12:01:03.715 | INFO     | et_miner.gpu.row_split_chunks:run_chunked_dense_level:285 -   K=4 chunk 7/14 filtering: 2,206 candidates → 190 frequent (8.6% pass rate, min_count=20,000)
2026-09-02 12:01:03.715 | DEBUG    | et_miner.gpu.row_split_chunks:run_chunked_dense_level:267 -     K=4 chunk 8/14: candidates [25,053, 25,158) (legacy sub-chunk)
2026-09-02 12:01:03.716 | INFO     | et_miner.gpu.row_split_chunks:run_chunked_dense_level:285 -   K=4 chunk 8/14 filtering: 105 candidates → 0 frequent (0.0% pass rate, min_count=20,000)
2026-09-02 12:01:03.716 | DEBUG    | et_miner.gpu.row_split_chunks:run_chunked_dense_level:267 -     K=4 chunk 9/14: candidates [25,158, 26,263)
2026-09-02 12:01:03.718 | INFO     | et_miner.gpu.row_split_chunks:run_chunked_dense_level:285 -   K=4 chunk 9/14 filtering: 1,105 candidates → 73 frequent (6.6% pass rate, min_count=20,000)
2026-09-02 12:01:03.718 | DEBUG    | et_miner.gpu.row_split_chunks:run_chunked_dense_level:267 -     K=4 chunk 10/14: candidates [26,263, 26,375) (legacy sub-chunk)
2026-09-02 12:01:03.719 | INFO     | et_miner.gpu.row_split_chunks:run_chunked_dense_level:285 -   K=4 chunk 10/14 filtering: 112 candidates → 0 frequent (0.0% pass rate, min_count=20,000)
2026-09-02 12:01:03.719 | DEBUG    | et_miner.gpu.row_split_chunks:run_chunked_dense_level:267 -     K=4 chunk 11/14: candidates [26,375, 26,930)
2026-09-02 12:01:03.721 | INFO     | et_miner.gpu.row_split_chunks:run_chunked_dense_level:285 -   K=4 chunk 11/14 filtering: 555 candidates → 19 frequent (3.4% pass rate, min_count=20,000)
2026-09-02 12:01:03.721 | DEBUG    | et_miner.gpu.row_split_chunks:run_chunked_dense_level:267 -     K=4 chunk 12/14: candidates [26,930, 26,994) (legacy sub-chunk)
2026-09-02 12:01:03.722 | INFO     | et_miner.gpu.row_split_chunks:run_chunked_dense_level:285 -   K=4 chunk 12/14 filtering: 64 candidates → 0 frequent (0.0% pass rate, min_count=20,000)
2026-09-02 12:01:03.723 | DEBUG    | et_miner.gpu.row_split_chunks:run_chunked_dense_level:267 -     K=4 chunk 13/14: candidates [26,994, 27,165)
2026-09-02 12:01:03.724 | INFO     | et_miner.gpu.row_split_chunks:run_chunked_dense_level:285 -   K=4 chunk 13/14 filtering: 171 candidates → 2 frequent (1.2% pass rate, min_count=20,000)
2026-09-02 12:01:03.725 | DEBUG    | et_miner.gpu.row_split_chunks:run_chunked_dense_level:267 -     K=4 chunk 14/14: candidates [27,165, 27,493) (legacy sub-chunk)
2026-09-02 12:01:03.726 | INFO     | et_miner.gpu.row_split_chunks:run_chunked_dense_level:285 -   K=4 chunk 14/14 filtering: 328 candidates → 140 frequent (42.7% pass rate, min_count=20,000)
2026-09-02 12:01:03.727 | INFO     | et_miner.gpu.row_split:_apriori_row_split_multi_gpu:599 -   K=4: 2,932 frequent in 0.0s
2026-09-02 12:01:03.728 | DEBUG    | et_miner.gpu.row_split:_apriori_row_split_multi_gpu:631 -     Pruning: zeroed 17 dead bitvecs at K=4 (1 MB logical × 2 GPUs)
2026-09-02 12:01:03.730 | DEBUG    | et_miner.gpu.row_split:_apriori_row_split_multi_gpu:535 -   K=5: 27,012 candidates, 36 chunk(s), group data 0.0 GB, budget 3,962,565,018 cands/chunk
2026-09-02 12:01:03.731 | DEBUG    | et_miner.gpu.row_split_chunks:run_chunked_dense_level:267 -     K=5 chunk 1/36: candidates [0, 6,489)
2026-09-02 12:01:03.734 | INFO     | et_miner.gpu.row_split_chunks:run_chunked_dense_level:285 -   K=5 chunk 1/36 filtering: 6,489 candidates → 713 frequent (11.0% pass rate, min_count=20,000)
2026-09-02 12:01:03.734 | DEBUG    | et_miner.gpu.row_split_chunks:run_chunked_dense_level:267 -     K=5 chunk 2/36: candidates [6,489, 6,568) (legacy sub-chunk)
2026-09-02 12:01:03.736 | INFO     | et_miner.gpu.row_split_chunks:run_chunked_dense_level:285 -   K=5 chunk 2/36 filtering: 79 candidates → 0 frequent (0.0% pass rate, min_count=20,000)
2026-09-02 12:01:03.736 | DEBUG    | et_miner.gpu.row_split_chunks:run_chunked_dense_level:267 -     K=5 chunk 3/36: candidates [6,568, 10,476)
2026-09-02 12:01:03.738 | INFO     | et_miner.gpu.row_split_chunks:run_chunked_dense_level:285 -   K=5 chunk 3/36 filtering: 3,908 candidates → 394 frequent (10.1% pass rate, min_count=20,000)
2026-09-02 12:01:03.738 | DEBUG    | et_miner.gpu.row_split_chunks:run_chunked_dense_level:267 -     K=5 chunk 4/36: candidates [10,476, 10,562) (legacy sub-chunk)
2026-09-02 12:01:03.740 | INFO     | et_miner.gpu.row_split_chunks:run_chunked_dense_level:285 -   K=5 chunk 4/36 filtering: 86 candidates → 0 frequent (0.0% pass rate, min_count=20,000)
2026-09-02 12:01:03.740 | DEBUG    | et_miner.gpu.row_split_chunks:run_chunked_dense_level:267 -     K=5 chunk 5/36: candidates [10,562, 12,701)
2026-09-02 12:01:03.742 | INFO     | et_miner.gpu.row_split_chunks:run_chunked_dense_level:285 -   K=5 chunk 5/36 filtering: 2,139 candidates → 189 frequent (8.8% pass rate, min_count=20,000)
2026-09-02 12:01:03.742 | DEBUG    | et_miner.gpu.row_split_chunks:run_chunked_dense_level:267 -     K=5 chunk 6/36: candidates [12,701, 12,802) (legacy sub-chunk)
2026-09-02 12:01:03.743 | INFO     | et_miner.gpu.row_split_chunks:run_chunked_dense_level:285 -   K=5 chunk 6/36 filtering: 101 candidates → 0 frequent (0.0% pass rate, min_count=20,000)
2026-09-02 12:01:03.744 | DEBUG    | et_miner.gpu.row_split_chunks:run_chunked_dense_level:267 -     K=5 chunk 7/36: candidates [12,802, 13,873)
2026-09-02 12:01:03.745 | INFO     | et_miner.gpu.row_split_chunks:run_chunked_dense_level:285 -   K=5 chunk 7/36 filtering: 1,071 candidates → 73 frequent (6.8% pass rate, min_count=20,000)
2026-09-02 12:01:03.746 | DEBUG    | et_miner.gpu.row_split_chunks:run_chunked_dense_level:267 -     K=5 chunk 8/36: candidates [13,873, 13,982) (legacy sub-chunk)
2026-09-02 12:01:03.747 | INFO     | et_miner.gpu.row_split_chunks:run_chunked_dense_level:285 -   K=5 chunk 8/36 filtering: 109 candidates → 0 frequent (0.0% pass rate, min_count=20,000)
2026-09-02 12:01:03.747 | DEBUG    | et_miner.gpu.row_split_chunks:run_chunked_dense_level:267 -     K=5 chunk 9/36: candidates [13,982, 14,419)
2026-09-02 12:01:03.749 | INFO     | et_miner.gpu.row_split_chunks:run_chunked_dense_level:285 -   K=5 chunk 9/36 filtering: 437 candidates → 19 frequent (4.3% pass rate, min_count=20,000)
2026-09-02 12:01:03.749 | DEBUG    | et_miner.gpu.row_split_chunks:run_chunked_dense_level:267 -     K=5 chunk 10/36: candidates [14,419, 14,538) (legacy sub-chunk)
2026-09-02 12:01:03.750 | INFO     | et_miner.gpu.row_split_chunks:run_chunked_dense_level:285 -   K=5 chunk 10/36 filtering: 119 candidates → 0 frequent (0.0% pass rate, min_count=20,000)
2026-09-02 12:01:03.750 | DEBUG    | et_miner.gpu.row_split_chunks:run_chunked_dense_level:267 -     K=5 chunk 11/36: candidates [14,538, 14,709)
2026-09-02 12:01:03.752 | INFO     | et_miner.gpu.row_split_chunks:run_chunked_dense_level:285 -   K=5 chunk 11/36 filtering: 171 candidates → 2 frequent (1.2% pass rate, min_count=20,000)
2026-09-02 12:01:03.752 | DEBUG    | et_miner.gpu.row_split_chunks:run_chunked_dense_level:267 -     K=5 chunk 12/36: candidates [14,709, 15,025) (legacy sub-chunk)
2026-09-02 12:01:03.754 | INFO     | et_miner.gpu.row_split_chunks:run_chunked_dense_level:285 -   K=5 chunk 12/36 filtering: 316 candidates → 140 frequent (44.3% pass rate, min_count=20,000)
2026-09-02 12:01:03.754 | DEBUG    | et_miner.gpu.row_split_chunks:run_chunked_dense_level:267 -     K=5 chunk 13/36: candidates [15,025, 18,480)
2026-09-02 12:01:03.756 | INFO     | et_miner.gpu.row_split_chunks:run_chunked_dense_level:285 -   K=5 chunk 13/36 filtering: 3,455 candidates → 375 frequent (10.9% pass rate, min_count=20,000)
2026-09-02 12:01:03.756 | DEBUG    | et_miner.gpu.row_split_chunks:run_chunked_dense_level:267 -     K=5 chunk 14/36: candidates [18,480, 18,544) (legacy sub-chunk)
2026-09-02 12:01:03.757 | INFO     | et_miner.gpu.row_split_chunks:run_chunked_dense_level:285 -   K=5 chunk 14/36 filtering: 64 candidates → 0 frequent (0.0% pass rate, min_count=20,000)
2026-09-02 12:01:03.758 | DEBUG    | et_miner.gpu.row_split_chunks:run_chunked_dense_level:267 -     K=5 chunk 15/36: candidates [18,544, 20,459)
2026-09-02 12:01:03.759 | INFO     | et_miner.gpu.row_split_chunks:run_chunked_dense_level:285 -   K=5 chunk 15/36 filtering: 1,915 candidates → 175 frequent (9.1% pass rate, min_count=20,000)
2026-09-02 12:01:03.760 | DEBUG    | et_miner.gpu.row_split_chunks:run_chunked_dense_level:267 -     K=5 chunk 16/36: candidates [20,459, 20,538) (legacy sub-chunk)
2026-09-02 12:01:03.761 | INFO     | et_miner.gpu.row_split_chunks:run_chunked_dense_level:285 -   K=5 chunk 16/36 filtering: 79 candidates → 0 frequent (0.0% pass rate, min_count=20,000)
2026-09-02 12:01:03.761 | DEBUG    | et_miner.gpu.row_split_chunks:run_chunked_dense_level:267 -     K=5 chunk 17/36: candidates [20,538, 21,511)
2026-09-02 12:01:03.763 | INFO     | et_miner.gpu.row_split_chunks:run_chunked_dense_level:285 -   K=5 chunk 17/36 filtering: 973 candidates → 65 frequent (6.7% pass rate, min_count=20,000)
2026-09-02 12:01:03.763 | DEBUG    | et_miner.gpu.row_split_chunks:run_chunked_dense_level:267 -     K=5 chunk 18/36: candidates [21,511, 21,597) (legacy sub-chunk)
2026-09-02 12:01:03.764 | INFO     | et_miner.gpu.row_split_chunks:run_chunked_dense_level:285 -   K=5 chunk 18/36 filtering: 86 candidates → 0 frequent (0.0% pass rate, min_count=20,000)
2026-09-02 12:01:03.764 | DEBUG    | et_miner.gpu.row_split_chunks:run_chunked_dense_level:267 -     K=5 chunk 19/36: candidates [21,597, 22,014)
2026-09-02 12:01:03.766 | INFO     | et_miner.gpu.row_split_chunks:run_chunked_dense_level:285 -   K=5 chunk 19/36 filtering: 417 candidates → 17 frequent (4.1% pass rate, min_count=20,000)
2026-09-02 12:01:03.766 | DEBUG    | et_miner.gpu.row_split_chunks:run_chunked_dense_level:267 -     K=5 chunk 20/36: candidates [22,014, 22,115) (legacy sub-chunk)
2026-09-02 12:01:03.767 | INFO     | et_miner.gpu.row_split_chunks:run_chunked_dense_level:285 -   K=5 chunk 20/36 filtering: 101 candidates → 0 frequent (0.0% pass rate, min_count=20,000)
2026-09-02 12:01:03.767 | DEBUG    | et_miner.gpu.row_split_chunks:run_chunked_dense_level:267 -     K=5 chunk 21/36: candidates [22,115, 22,272)
2026-09-02 12:01:03.769 | INFO     | et_miner.gpu.row_split_chunks:run_chunked_dense_level:285 -   K=5 chunk 21/36 filtering: 157 candidates → 2 frequent (1.3% pass rate, min_count=20,000)
2026-09-02 12:01:03.769 | DEBUG    | et_miner.gpu.row_split_chunks:run_chunked_dense_level:267 -     K=5 chunk 22/36: candidates [22,272, 22,552) (legacy sub-chunk)
2026-09-02 12:01:03.771 | INFO     | et_miner.gpu.row_split_chunks:run_chunked_dense_level:285 -   K=5 chunk 22/36 filtering: 280 candidates → 140 frequent (50.0% pass rate, min_count=20,000)
2026-09-02 12:01:03.771 | DEBUG    | et_miner.gpu.row_split_chunks:run_chunked_dense_level:267 -     K=5 chunk 23/36: candidates [22,552, 24,053)
2026-09-02 12:01:03.773 | INFO     | et_miner.gpu.row_split_chunks:run_chunked_dense_level:285 -   K=5 chunk 23/36 filtering: 1,501 candidates → 150 frequent (10.0% pass rate, min_count=20,000)
2026-09-02 12:01:03.773 | DEBUG    | et_miner.gpu.row_split_chunks:run_chunked_dense_level:267 -     K=5 chunk 24/36: candidates [24,053, 24,154) (legacy sub-chunk)
2026-09-02 12:01:03.774 | INFO     | et_miner.gpu.row_split_chunks:run_chunked_dense_level:285 -   K=5 chunk 24/36 filtering: 101 candidates → 0 frequent (0.0% pass rate, min_count=20,000)
2026-09-02 12:01:03.775 | DEBUG    | et_miner.gpu.row_split_chunks:run_chunked_dense_level:267 -     K=5 chunk 25/36: candidates [24,154, 24,867)
2026-09-02 12:01:03.776 | INFO     | et_miner.gpu.row_split_chunks:run_chunked_dense_level:285 -   K=5 chunk 25/36 filtering: 713 candidates → 52 frequent (7.3% pass rate, min_count=20,000)
2026-09-02 12:01:03.776 | DEBUG    | et_miner.gpu.row_split_chunks:run_chunked_dense_level:267 -     K=5 chunk 26/36: candidates [24,867, 24,972) (legacy sub-chunk)
2026-09-02 12:01:03.778 | INFO     | et_miner.gpu.row_split_chunks:run_chunked_dense_level:285 -   K=5 chunk 26/36 filtering: 105 candidates → 0 frequent (0.0% pass rate, min_count=20,000)
2026-09-02 12:01:03.778 | DEBUG    | et_miner.gpu.row_split_chunks:run_chunked_dense_level:267 -     K=5 chunk 27/36: candidates [24,972, 25,296)
2026-09-02 12:01:03.779 | INFO     | et_miner.gpu.row_split_chunks:run_chunked_dense_level:285 -   K=5 chunk 27/36 filtering: 324 candidates → 12 frequent (3.7% pass rate, min_count=20,000)
2026-09-02 12:01:03.780 | DEBUG    | et_miner.gpu.row_split_chunks:run_chunked_dense_level:267 -     K=5 chunk 28/36: candidates [25,296, 25,360) (legacy sub-chunk)
2026-09-02 12:01:03.781 | INFO     | et_miner.gpu.row_split_chunks:run_chunked_dense_level:285 -   K=5 chunk 28/36 filtering: 64 candidates → 0 frequent (0.0% pass rate, min_count=20,000)
2026-09-02 12:01:03.781 | DEBUG    | et_miner.gpu.row_split_chunks:run_chunked_dense_level:267 -     K=5 chunk 29/36: candidates [25,360, 25,438)
2026-09-02 12:01:03.783 | INFO     | et_miner.gpu.row_split_chunks:run_chunked_dense_level:285 -   K=5 chunk 29/36 filtering: 78 candidates → 1 frequent (1.3% pass rate, min_count=20,000)
2026-09-02 12:01:03.783 | DEBUG    | et_miner.gpu.row_split_chunks:run_chunked_dense_level:267 -     K=5 chunk 30/36: candidates [25,438, 25,570) (legacy sub-chunk)
2026-09-02 12:01:03.784 | INFO     | et_miner.gpu.row_split_chunks:run_chunked_dense_level:285 -   K=5 chunk 30/36 filtering: 132 candidates → 0 frequent (0.0% pass rate, min_count=20,000)
2026-09-02 12:01:03.784 | DEBUG    | et_miner.gpu.row_split_chunks:run_chunked_dense_level:267 -     K=5 chunk 31/36: candidates [25,570, 26,125)
2026-09-02 12:01:03.786 | INFO     | et_miner.gpu.row_split_chunks:run_chunked_dense_level:285 -   K=5 chunk 31/36 filtering: 555 candidates → 41 frequent (7.4% pass rate, min_count=20,000)
2026-09-02 12:01:03.786 | DEBUG    | et_miner.gpu.row_split_chunks:run_chunked_dense_level:267 -     K=5 chunk 32/36: candidates [26,125, 26,189) (legacy sub-chunk)
2026-09-02 12:01:03.787 | INFO     | et_miner.gpu.row_split_chunks:run_chunked_dense_level:285 -   K=5 chunk 32/36 filtering: 64 candidates → 0 frequent (0.0% pass rate, min_count=20,000)
2026-09-02 12:01:03.788 | DEBUG    | et_miner.gpu.row_split_chunks:run_chunked_dense_level:267 -     K=5 chunk 33/36: candidates [26,189, 26,387)
2026-09-02 12:01:03.789 | INFO     | et_miner.gpu.row_split_chunks:run_chunked_dense_level:285 -   K=5 chunk 33/36 filtering: 198 candidates → 7 frequent (3.5% pass rate, min_count=20,000)
2026-09-02 12:01:03.789 | DEBUG    | et_miner.gpu.row_split_chunks:run_chunked_dense_level:267 -     K=5 chunk 34/36: candidates [26,387, 26,599) (legacy sub-chunk)
2026-09-02 12:01:03.791 | INFO     | et_miner.gpu.row_split_chunks:run_chunked_dense_level:285 -   K=5 chunk 34/36 filtering: 212 candidates → 0 frequent (0.0% pass rate, min_count=20,000)
2026-09-02 12:01:03.791 | DEBUG    | et_miner.gpu.row_split_chunks:run_chunked_dense_level:267 -     K=5 chunk 35/36: candidates [26,599, 26,690)
2026-09-02 12:01:03.793 | INFO     | et_miner.gpu.row_split_chunks:run_chunked_dense_level:285 -   K=5 chunk 35/36 filtering: 91 candidates → 4 frequent (4.4% pass rate, min_count=20,000)
2026-09-02 12:01:03.793 | DEBUG    | et_miner.gpu.row_split_chunks:run_chunked_dense_level:267 -     K=5 chunk 36/36: candidates [26,690, 27,012) (legacy sub-chunk)
2026-09-02 12:01:03.795 | INFO     | et_miner.gpu.row_split_chunks:run_chunked_dense_level:285 -   K=5 chunk 36/36 filtering: 322 candidates → 112 frequent (34.8% pass rate, min_count=20,000)
2026-09-02 12:01:03.796 | INFO     | et_miner.gpu.row_split:_apriori_row_split_multi_gpu:599 -   K=5: 2,683 frequent in 0.1s
2026-09-02 12:01:03.797 | DEBUG    | et_miner.gpu.row_split:_apriori_row_split_multi_gpu:631 -     Pruning: zeroed 14 dead bitvecs at K=5 (1 MB logical × 2 GPUs)
2026-09-02 12:01:03.798 | DEBUG    | et_miner.gpu.row_split:_apriori_row_split_multi_gpu:535 -   K=6: 16,631 candidates, 44 chunk(s), group data 0.0 GB, budget 3,962,564,679 cands/chunk
2026-09-02 12:01:03.800 | DEBUG    | et_miner.gpu.row_split_chunks:run_chunked_dense_level:267 -     K=6 chunk 1/44: candidates [0, 3,336)
2026-09-02 12:01:03.802 | INFO     | et_miner.gpu.row_split_chunks:run_chunked_dense_level:285 -   K=6 chunk 1/44 filtering: 3,336 candidates → 372 frequent (11.2% pass rate, min_count=20,000)
2026-09-02 12:01:03.803 | DEBUG    | et_miner.gpu.row_split_chunks:run_chunked_dense_level:267 -     K=6 chunk 2/44: candidates [3,336, 3,400) (legacy sub-chunk)
2026-09-02 12:01:03.804 | INFO     | et_miner.gpu.row_split_chunks:run_chunked_dense_level:285 -   K=6 chunk 2/44 filtering: 64 candidates → 0 frequent (0.0% pass rate, min_count=20,000)
2026-09-02 12:01:03.804 | DEBUG    | et_miner.gpu.row_split_chunks:run_chunked_dense_level:267 -     K=6 chunk 3/44: candidates [3,400, 5,256)
2026-09-02 12:01:03.806 | INFO     | et_miner.gpu.row_split_chunks:run_chunked_dense_level:285 -   K=6 chunk 3/44 filtering: 1,856 candidates → 174 frequent (9.4% pass rate, min_count=20,000)
2026-09-02 12:01:03.806 | DEBUG    | et_miner.gpu.row_split_chunks:run_chunked_dense_level:267 -     K=6 chunk 4/44: candidates [5,256, 5,333) (legacy sub-chunk)
2026-09-02 12:01:03.808 | INFO     | et_miner.gpu.row_split_chunks:run_chunked_dense_level:285 -   K=6 chunk 4/44 filtering: 77 candidates → 0 frequent (0.0% pass rate, min_count=20,000)
2026-09-02 12:01:03.808 | DEBUG    | et_miner.gpu.row_split_chunks:run_chunked_dense_level:267 -     K=6 chunk 5/44: candidates [5,333, 6,280)
2026-09-02 12:01:03.810 | INFO     | et_miner.gpu.row_split_chunks:run_chunked_dense_level:285 -   K=6 chunk 5/44 filtering: 947 candidates → 64 frequent (6.8% pass rate, min_count=20,000)
2026-09-02 12:01:03.810 | DEBUG    | et_miner.gpu.row_split_chunks:run_chunked_dense_level:267 -     K=6 chunk 6/44: candidates [6,280, 6,366) (legacy sub-chunk)
2026-09-02 12:01:03.811 | INFO     | et_miner.gpu.row_split_chunks:run_chunked_dense_level:285 -   K=6 chunk 6/44 filtering: 86 candidates → 0 frequent (0.0% pass rate, min_count=20,000)
2026-09-02 12:01:03.811 | DEBUG    | et_miner.gpu.row_split_chunks:run_chunked_dense_level:267 -     K=6 chunk 7/44: candidates [6,366, 6,754)
2026-09-02 12:01:03.813 | INFO     | et_miner.gpu.row_split_chunks:run_chunked_dense_level:285 -   K=6 chunk 7/44 filtering: 388 candidates → 17 frequent (4.4% pass rate, min_count=20,000)
2026-09-02 12:01:03.813 | DEBUG    | et_miner.gpu.row_split_chunks:run_chunked_dense_level:267 -     K=6 chunk 8/44: candidates [6,754, 6,845) (legacy sub-chunk)
2026-09-02 12:01:03.814 | INFO     | et_miner.gpu.row_split_chunks:run_chunked_dense_level:285 -   K=6 chunk 8/44 filtering: 91 candidates → 0 frequent (0.0% pass rate, min_count=20,000)
2026-09-02 12:01:03.814 | DEBUG    | et_miner.gpu.row_split_chunks:run_chunked_dense_level:267 -     K=6 chunk 9/44: candidates [6,845, 6,936)
2026-09-02 12:01:03.816 | INFO     | et_miner.gpu.row_split_chunks:run_chunked_dense_level:285 -   K=6 chunk 9/44 filtering: 91 candidates → 2 frequent (2.2% pass rate, min_count=20,000)
2026-09-02 12:01:03.816 | DEBUG    | et_miner.gpu.row_split_chunks:run_chunked_dense_level:267 -     K=6 chunk 10/44: candidates [6,936, 7,119) (legacy sub-chunk)
2026-09-02 12:01:03.817 | INFO     | et_miner.gpu.row_split_chunks:run_chunked_dense_level:285 -   K=6 chunk 10/44 filtering: 183 candidates → 0 frequent (0.0% pass rate, min_count=20,000)
2026-09-02 12:01:03.817 | DEBUG    | et_miner.gpu.row_split_chunks:run_chunked_dense_level:267 -     K=6 chunk 11/44: candidates [7,119, 8,588)
2026-09-02 12:01:03.820 | INFO     | et_miner.gpu.row_split_chunks:run_chunked_dense_level:285 -   K=6 chunk 11/44 filtering: 1,469 candidates → 150 frequent (10.2% pass rate, min_count=20,000)
2026-09-02 12:01:03.820 | DEBUG    | et_miner.gpu.row_split_chunks:run_chunked_dense_level:267 -     K=6 chunk 12/44: candidates [8,588, 8,689) (legacy sub-chunk)
2026-09-02 12:01:03.821 | INFO     | et_miner.gpu.row_split_chunks:run_chunked_dense_level:285 -   K=6 chunk 12/44 filtering: 101 candidates → 0 frequent (0.0% pass rate, min_count=20,000)
2026-09-02 12:01:03.821 | DEBUG    | et_miner.gpu.row_split_chunks:run_chunked_dense_level:267 -     K=6 chunk 13/44: candidates [8,689, 9,382)
2026-09-02 12:01:03.823 | INFO     | et_miner.gpu.row_split_chunks:run_chunked_dense_level:285 -   K=6 chunk 13/44 filtering: 693 candidates → 52 frequent (7.5% pass rate, min_count=20,000)
2026-09-02 12:01:03.823 | DEBUG    | et_miner.gpu.row_split_chunks:run_chunked_dense_level:267 -     K=6 chunk 14/44: candidates [9,382, 9,487) (legacy sub-chunk)
2026-09-02 12:01:03.824 | INFO     | et_miner.gpu.row_split_chunks:run_chunked_dense_level:285 -   K=6 chunk 14/44 filtering: 105 candidates → 0 frequent (0.0% pass rate, min_count=20,000)
2026-09-02 12:01:03.824 | DEBUG    | et_miner.gpu.row_split_chunks:run_chunked_dense_level:267 -     K=6 chunk 15/44: candidates [9,487, 9,811)
2026-09-02 12:01:03.826 | INFO     | et_miner.gpu.row_split_chunks:run_chunked_dense_level:285 -   K=6 chunk 15/44 filtering: 324 candidates → 12 frequent (3.7% pass rate, min_count=20,000)
2026-09-02 12:01:03.826 | DEBUG    | et_miner.gpu.row_split_chunks:run_chunked_dense_level:267 -     K=6 chunk 16/44: candidates [9,811, 9,875) (legacy sub-chunk)
2026-09-02 12:01:03.827 | INFO     | et_miner.gpu.row_split_chunks:run_chunked_dense_level:285 -   K=6 chunk 16/44 filtering: 64 candidates → 0 frequent (0.0% pass rate, min_count=20,000)
2026-09-02 12:01:03.828 | DEBUG    | et_miner.gpu.row_split_chunks:run_chunked_dense_level:267 -     K=6 chunk 17/44: candidates [9,875, 9,941)
2026-09-02 12:01:03.829 | INFO     | et_miner.gpu.row_split_chunks:run_chunked_dense_level:285 -   K=6 chunk 17/44 filtering: 66 candidates → 1 frequent (1.5% pass rate, min_count=20,000)
2026-09-02 12:01:03.829 | DEBUG    | et_miner.gpu.row_split_chunks:run_chunked_dense_level:267 -     K=6 chunk 18/44: candidates [9,941, 10,073) (legacy sub-chunk)
2026-09-02 12:01:03.831 | INFO     | et_miner.gpu.row_split_chunks:run_chunked_dense_level:285 -   K=6 chunk 18/44 filtering: 132 candidates → 0 frequent (0.0% pass rate, min_count=20,000)
2026-09-02 12:01:03.831 | DEBUG    | et_miner.gpu.row_split_chunks:run_chunked_dense_level:267 -     K=6 chunk 19/44: candidates [10,073, 10,628)
2026-09-02 12:01:03.833 | INFO     | et_miner.gpu.row_split_chunks:run_chunked_dense_level:285 -   K=6 chunk 19/44 filtering: 555 candidates → 40 frequent (7.2% pass rate, min_count=20,000)
2026-09-02 12:01:03.833 | DEBUG    | et_miner.gpu.row_split_chunks:run_chunked_dense_level:267 -     K=6 chunk 20/44: candidates [10,628, 10,692) (legacy sub-chunk)
2026-09-02 12:01:03.834 | INFO     | et_miner.gpu.row_split_chunks:run_chunked_dense_level:285 -   K=6 chunk 20/44 filtering: 64 candidates → 0 frequent (0.0% pass rate, min_count=20,000)
2026-09-02 12:01:03.834 | DEBUG    | et_miner.gpu.row_split_chunks:run_chunked_dense_level:267 -     K=6 chunk 21/44: candidates [10,692, 10,890)
2026-09-02 12:01:03.836 | INFO     | et_miner.gpu.row_split_chunks:run_chunked_dense_level:285 -   K=6 chunk 21/44 filtering: 198 candidates → 7 frequent (3.5% pass rate, min_count=20,000)
2026-09-02 12:01:03.836 | DEBUG    | et_miner.gpu.row_split_chunks:run_chunked_dense_level:267 -     K=6 chunk 22/44: candidates [10,890, 11,095) (legacy sub-chunk)
2026-09-02 12:01:03.837 | INFO     | et_miner.gpu.row_split_chunks:run_chunked_dense_level:285 -   K=6 chunk 22/44 filtering: 205 candidates → 0 frequent (0.0% pass rate, min_count=20,000)
2026-09-02 12:01:03.838 | DEBUG    | et_miner.gpu.row_split_chunks:run_chunked_dense_level:267 -     K=6 chunk 23/44: candidates [11,095, 11,186)
2026-09-02 12:01:03.839 | INFO     | et_miner.gpu.row_split_chunks:run_chunked_dense_level:285 -   K=6 chunk 23/44 filtering: 91 candidates → 4 frequent (4.4% pass rate, min_count=20,000)
2026-09-02 12:01:03.839 | DEBUG    | et_miner.gpu.row_split_chunks:run_chunked_dense_level:267 -     K=6 chunk 24/44: candidates [11,186, 11,508) (legacy sub-chunk)
2026-09-02 12:01:03.841 | INFO     | et_miner.gpu.row_split_chunks:run_chunked_dense_level:285 -   K=6 chunk 24/44 filtering: 322 candidates → 112 frequent (34.8% pass rate, min_count=20,000)
2026-09-02 12:01:03.841 | DEBUG    | et_miner.gpu.row_split_chunks:run_chunked_dense_level:267 -     K=6 chunk 25/44: candidates [11,508, 12,920)
2026-09-02 12:01:03.843 | INFO     | et_miner.gpu.row_split_chunks:run_chunked_dense_level:285 -   K=6 chunk 25/44 filtering: 1,412 candidates → 139 frequent (9.8% pass rate, min_count=20,000)
2026-09-02 12:01:03.843 | DEBUG    | et_miner.gpu.row_split_chunks:run_chunked_dense_level:267 -     K=6 chunk 26/44: candidates [12,920, 13,006) (legacy sub-chunk)
2026-09-02 12:01:03.845 | INFO     | et_miner.gpu.row_split_chunks:run_chunked_dense_level:285 -   K=6 chunk 26/44 filtering: 86 candidates → 0 frequent (0.0% pass rate, min_count=20,000)
2026-09-02 12:01:03.845 | DEBUG    | et_miner.gpu.row_split_chunks:run_chunked_dense_level:267 -     K=6 chunk 27/44: candidates [13,006, 13,663)
2026-09-02 12:01:03.847 | INFO     | et_miner.gpu.row_split_chunks:run_chunked_dense_level:285 -   K=6 chunk 27/44 filtering: 657 candidates → 49 frequent (7.5% pass rate, min_count=20,000)
2026-09-02 12:01:03.847 | DEBUG    | et_miner.gpu.row_split_chunks:run_chunked_dense_level:267 -     K=6 chunk 28/44: candidates [13,663, 13,764) (legacy sub-chunk)
2026-09-02 12:01:03.848 | INFO     | et_miner.gpu.row_split_chunks:run_chunked_dense_level:285 -   K=6 chunk 28/44 filtering: 101 candidates → 0 frequent (0.0% pass rate, min_count=20,000)
2026-09-02 12:01:03.848 | DEBUG    | et_miner.gpu.row_split_chunks:run_chunked_dense_level:267 -     K=6 chunk 29/44: candidates [13,764, 13,991)
2026-09-02 12:01:03.850 | INFO     | et_miner.gpu.row_split_chunks:run_chunked_dense_level:285 -   K=6 chunk 29/44 filtering: 227 candidates → 11 frequent (4.8% pass rate, min_count=20,000)
2026-09-02 12:01:03.850 | DEBUG    | et_miner.gpu.row_split_chunks:run_chunked_dense_level:267 -     K=6 chunk 30/44: candidates [13,991, 14,103) (legacy sub-chunk)
2026-09-02 12:01:03.851 | INFO     | et_miner.gpu.row_split_chunks:run_chunked_dense_level:285 -   K=6 chunk 30/44 filtering: 112 candidates → 0 frequent (0.0% pass rate, min_count=20,000)
2026-09-02 12:01:03.851 | DEBUG    | et_miner.gpu.row_split_chunks:run_chunked_dense_level:267 -     K=6 chunk 31/44: candidates [14,103, 14,169)
2026-09-02 12:01:03.853 | INFO     | et_miner.gpu.row_split_chunks:run_chunked_dense_level:285 -   K=6 chunk 31/44 filtering: 66 candidates → 1 frequent (1.5% pass rate, min_count=20,000)
2026-09-02 12:01:03.853 | DEBUG    | et_miner.gpu.row_split_chunks:run_chunked_dense_level:267 -     K=6 chunk 32/44: candidates [14,169, 14,274) (legacy sub-chunk)
2026-09-02 12:01:03.854 | INFO     | et_miner.gpu.row_split_chunks:run_chunked_dense_level:285 -   K=6 chunk 32/44 filtering: 105 candidates → 0 frequent (0.0% pass rate, min_count=20,000)
2026-09-02 12:01:03.854 | DEBUG    | et_miner.gpu.row_split_chunks:run_chunked_dense_level:267 -     K=6 chunk 33/44: candidates [14,274, 14,794)
2026-09-02 12:01:03.856 | INFO     | et_miner.gpu.row_split_chunks:run_chunked_dense_level:285 -   K=6 chunk 33/44 filtering: 520 candidates → 36 frequent (6.9% pass rate, min_count=20,000)
2026-09-02 12:01:03.856 | DEBUG    | et_miner.gpu.row_split_chunks:run_chunked_dense_level:267 -     K=6 chunk 34/44: candidates [14,794, 14,852) (legacy sub-chunk)
2026-09-02 12:01:03.858 | INFO     | et_miner.gpu.row_split_chunks:run_chunked_dense_level:285 -   K=6 chunk 34/44 filtering: 58 candidates → 0 frequent (0.0% pass rate, min_count=20,000)
2026-09-02 12:01:03.858 | DEBUG    | et_miner.gpu.row_split_chunks:run_chunked_dense_level:267 -     K=6 chunk 35/44: candidates [14,852, 15,023)
2026-09-02 12:01:03.860 | INFO     | et_miner.gpu.row_split_chunks:run_chunked_dense_level:285 -   K=6 chunk 35/44 filtering: 171 candidates → 7 frequent (4.1% pass rate, min_count=20,000)
2026-09-02 12:01:03.860 | DEBUG    | et_miner.gpu.row_split_chunks:run_chunked_dense_level:267 -     K=6 chunk 36/44: candidates [15,023, 15,195) (legacy sub-chunk)
2026-09-02 12:01:03.861 | INFO     | et_miner.gpu.row_split_chunks:run_chunked_dense_level:285 -   K=6 chunk 36/44 filtering: 172 candidates → 0 frequent (0.0% pass rate, min_count=20,000)
2026-09-02 12:01:03.861 | DEBUG    | et_miner.gpu.row_split_chunks:run_chunked_dense_level:267 -     K=6 chunk 37/44: candidates [15,195, 15,273)
2026-09-02 12:01:03.863 | INFO     | et_miner.gpu.row_split_chunks:run_chunked_dense_level:285 -   K=6 chunk 37/44 filtering: 78 candidates → 4 frequent (5.1% pass rate, min_count=20,000)
2026-09-02 12:01:03.863 | DEBUG    | et_miner.gpu.row_split_chunks:run_chunked_dense_level:267 -     K=6 chunk 38/44: candidates [15,273, 15,552) (legacy sub-chunk)
2026-09-02 12:01:03.865 | INFO     | et_miner.gpu.row_split_chunks:run_chunked_dense_level:285 -   K=6 chunk 38/44 filtering: 279 candidates → 112 frequent (40.1% pass rate, min_count=20,000)
2026-09-02 12:01:03.865 | DEBUG    | et_miner.gpu.row_split_chunks:run_chunked_dense_level:267 -     K=6 chunk 39/44: candidates [15,552, 15,921)
2026-09-02 12:01:03.867 | INFO     | et_miner.gpu.row_split_chunks:run_chunked_dense_level:285 -   K=6 chunk 39/44 filtering: 369 candidates → 29 frequent (7.9% pass rate, min_count=20,000)
2026-09-02 12:01:03.867 | DEBUG    | et_miner.gpu.row_split_chunks:run_chunked_dense_level:267 -     K=6 chunk 40/44: candidates [15,921, 16,007) (legacy sub-chunk)
2026-09-02 12:01:03.869 | INFO     | et_miner.gpu.row_split_chunks:run_chunked_dense_level:285 -   K=6 chunk 40/44 filtering: 86 candidates → 0 frequent (0.0% pass rate, min_count=20,000)
2026-09-02 12:01:03.869 | DEBUG    | et_miner.gpu.row_split_chunks:run_chunked_dense_level:267 -     K=6 chunk 41/44: candidates [16,007, 16,098)
2026-09-02 12:01:03.871 | INFO     | et_miner.gpu.row_split_chunks:run_chunked_dense_level:285 -   K=6 chunk 41/44 filtering: 91 candidates → 4 frequent (4.4% pass rate, min_count=20,000)
2026-09-02 12:01:03.871 | DEBUG    | et_miner.gpu.row_split_chunks:run_chunked_dense_level:267 -     K=6 chunk 42/44: candidates [16,098, 16,276) (legacy sub-chunk)
2026-09-02 12:01:03.872 | INFO     | et_miner.gpu.row_split_chunks:run_chunked_dense_level:285 -   K=6 chunk 42/44 filtering: 178 candidates → 0 frequent (0.0% pass rate, min_count=20,000)
2026-09-02 12:01:03.872 | DEBUG    | et_miner.gpu.row_split_chunks:run_chunked_dense_level:267 -     K=6 chunk 43/44: candidates [16,276, 16,342)
2026-09-02 12:01:03.874 | INFO     | et_miner.gpu.row_split_chunks:run_chunked_dense_level:285 -   K=6 chunk 43/44 filtering: 66 candidates → 2 frequent (3.0% pass rate, min_count=20,000)
2026-09-02 12:01:03.874 | DEBUG    | et_miner.gpu.row_split_chunks:run_chunked_dense_level:267 -     K=6 chunk 44/44: candidates [16,342, 16,631) (legacy sub-chunk)
2026-09-02 12:01:03.876 | INFO     | et_miner.gpu.row_split_chunks:run_chunked_dense_level:285 -   K=6 chunk 44/44 filtering: 289 candidates → 57 frequent (19.7% pass rate, min_count=20,000)
2026-09-02 12:01:03.876 | INFO     | et_miner.gpu.row_split:_apriori_row_split_multi_gpu:599 -   K=6: 1,458 frequent in 0.1s
2026-09-02 12:01:03.877 | DEBUG    | et_miner.gpu.row_split:_apriori_row_split_multi_gpu:631 -     Pruning: zeroed 11 dead bitvecs at K=6 (0 MB logical × 2 GPUs)
2026-09-02 12:01:03.878 | DEBUG    | et_miner.gpu.row_split:_apriori_row_split_multi_gpu:535 -   K=7: 6,009 candidates, 24 chunk(s), group data 0.0 GB, budget 3,962,566,136 cands/chunk
2026-09-02 12:01:03.880 | DEBUG    | et_miner.gpu.row_split_chunks:run_chunked_dense_level:267 -     K=7 chunk 1/24: candidates [0, 1,390)
2026-09-02 12:01:03.883 | INFO     | et_miner.gpu.row_split_chunks:run_chunked_dense_level:285 -   K=7 chunk 1/24 filtering: 1,390 candidates → 138 frequent (9.9% pass rate, min_count=20,000)
2026-09-02 12:01:03.883 | DEBUG    | et_miner.gpu.row_split_chunks:run_chunked_dense_level:267 -     K=7 chunk 2/24: candidates [1,390, 1,476) (legacy sub-chunk)
2026-09-02 12:01:03.884 | INFO     | et_miner.gpu.row_split_chunks:run_chunked_dense_level:285 -   K=7 chunk 2/24 filtering: 86 candidates → 0 frequent (0.0% pass rate, min_count=20,000)
2026-09-02 12:01:03.884 | DEBUG    | et_miner.gpu.row_split_chunks:run_chunked_dense_level:267 -     K=7 chunk 3/24: candidates [1,476, 2,117)
2026-09-02 12:01:03.886 | INFO     | et_miner.gpu.row_split_chunks:run_chunked_dense_level:285 -   K=7 chunk 3/24 filtering: 641 candidates → 49 frequent (7.6% pass rate, min_count=20,000)
2026-09-02 12:01:03.886 | DEBUG    | et_miner.gpu.row_split_chunks:run_chunked_dense_level:267 -     K=7 chunk 4/24: candidates [2,117, 2,218) (legacy sub-chunk)
2026-09-02 12:01:03.887 | INFO     | et_miner.gpu.row_split_chunks:run_chunked_dense_level:285 -   K=7 chunk 4/24 filtering: 101 candidates → 0 frequent (0.0% pass rate, min_count=20,000)
2026-09-02 12:01:03.887 | DEBUG    | et_miner.gpu.row_split_chunks:run_chunked_dense_level:267 -     K=7 chunk 5/24: candidates [2,218, 2,445)
2026-09-02 12:01:03.889 | INFO     | et_miner.gpu.row_split_chunks:run_chunked_dense_level:285 -   K=7 chunk 5/24 filtering: 227 candidates → 11 frequent (4.8% pass rate, min_count=20,000)
2026-09-02 12:01:03.889 | DEBUG    | et_miner.gpu.row_split_chunks:run_chunked_dense_level:267 -     K=7 chunk 6/24: candidates [2,445, 2,549) (legacy sub-chunk)
2026-09-02 12:01:03.891 | INFO     | et_miner.gpu.row_split_chunks:run_chunked_dense_level:285 -   K=7 chunk 6/24 filtering: 104 candidates → 0 frequent (0.0% pass rate, min_count=20,000)
2026-09-02 12:01:03.891 | DEBUG    | et_miner.gpu.row_split_chunks:run_chunked_dense_level:267 -     K=7 chunk 7/24: candidates [2,549, 2,615)
2026-09-02 12:01:03.892 | INFO     | et_miner.gpu.row_split_chunks:run_chunked_dense_level:285 -   K=7 chunk 7/24 filtering: 66 candidates → 1 frequent (1.5% pass rate, min_count=20,000)
2026-09-02 12:01:03.893 | DEBUG    | et_miner.gpu.row_split_chunks:run_chunked_dense_level:267 -     K=7 chunk 8/24: candidates [2,615, 2,720) (legacy sub-chunk)
2026-09-02 12:01:03.894 | INFO     | et_miner.gpu.row_split_chunks:run_chunked_dense_level:285 -   K=7 chunk 8/24 filtering: 105 candidates → 0 frequent (0.0% pass rate, min_count=20,000)
2026-09-02 12:01:03.894 | DEBUG    | et_miner.gpu.row_split_chunks:run_chunked_dense_level:267 -     K=7 chunk 9/24: candidates [2,720, 3,174)
2026-09-02 12:01:03.896 | INFO     | et_miner.gpu.row_split_chunks:run_chunked_dense_level:285 -   K=7 chunk 9/24 filtering: 454 candidates → 36 frequent (7.9% pass rate, min_count=20,000)
2026-09-02 12:01:03.896 | DEBUG    | et_miner.gpu.row_split_chunks:run_chunked_dense_level:267 -     K=7 chunk 10/24: candidates [3,174, 3,287) (legacy sub-chunk)
2026-09-02 12:01:03.897 | INFO     | et_miner.gpu.row_split_chunks:run_chunked_dense_level:285 -   K=7 chunk 10/24 filtering: 113 candidates → 0 frequent (0.0% pass rate, min_count=20,000)
2026-09-02 12:01:03.897 | DEBUG    | et_miner.gpu.row_split_chunks:run_chunked_dense_level:267 -     K=7 chunk 11/24: candidates [3,287, 3,458)
2026-09-02 12:01:03.899 | INFO     | et_miner.gpu.row_split_chunks:run_chunked_dense_level:285 -   K=7 chunk 11/24 filtering: 171 candidates → 7 frequent (4.1% pass rate, min_count=20,000)
2026-09-02 12:01:03.899 | DEBUG    | et_miner.gpu.row_split_chunks:run_chunked_dense_level:267 -     K=7 chunk 12/24: candidates [3,458, 3,630) (legacy sub-chunk)
2026-09-02 12:01:03.900 | INFO     | et_miner.gpu.row_split_chunks:run_chunked_dense_level:285 -   K=7 chunk 12/24 filtering: 172 candidates → 0 frequent (0.0% pass rate, min_count=20,000)
2026-09-02 12:01:03.900 | DEBUG    | et_miner.gpu.row_split_chunks:run_chunked_dense_level:267 -     K=7 chunk 13/24: candidates [3,630, 3,708)
2026-09-02 12:01:03.902 | INFO     | et_miner.gpu.row_split_chunks:run_chunked_dense_level:285 -   K=7 chunk 13/24 filtering: 78 candidates → 4 frequent (5.1% pass rate, min_count=20,000)
2026-09-02 12:01:03.902 | DEBUG    | et_miner.gpu.row_split_chunks:run_chunked_dense_level:267 -     K=7 chunk 14/24: candidates [3,708, 3,872) (legacy sub-chunk)
2026-09-02 12:01:03.903 | INFO     | et_miner.gpu.row_split_chunks:run_chunked_dense_level:285 -   K=7 chunk 14/24 filtering: 164 candidates → 0 frequent (0.0% pass rate, min_count=20,000)
2026-09-02 12:01:03.903 | DEBUG    | et_miner.gpu.row_split_chunks:run_chunked_dense_level:267 -     K=7 chunk 15/24: candidates [3,872, 4,241)
2026-09-02 12:01:03.905 | INFO     | et_miner.gpu.row_split_chunks:run_chunked_dense_level:285 -   K=7 chunk 15/24 filtering: 369 candidates → 29 frequent (7.9% pass rate, min_count=20,000)
2026-09-02 12:01:03.905 | DEBUG    | et_miner.gpu.row_split_chunks:run_chunked_dense_level:267 -     K=7 chunk 16/24: candidates [4,241, 4,327) (legacy sub-chunk)
2026-09-02 12:01:03.906 | INFO     | et_miner.gpu.row_split_chunks:run_chunked_dense_level:285 -   K=7 chunk 16/24 filtering: 86 candidates → 0 frequent (0.0% pass rate, min_count=20,000)
2026-09-02 12:01:03.907 | DEBUG    | et_miner.gpu.row_split_chunks:run_chunked_dense_level:267 -     K=7 chunk 17/24: candidates [4,327, 4,418)
2026-09-02 12:01:03.908 | INFO     | et_miner.gpu.row_split_chunks:run_chunked_dense_level:285 -   K=7 chunk 17/24 filtering: 91 candidates → 4 frequent (4.4% pass rate, min_count=20,000)
2026-09-02 12:01:03.908 | DEBUG    | et_miner.gpu.row_split_chunks:run_chunked_dense_level:267 -     K=7 chunk 18/24: candidates [4,418, 4,596) (legacy sub-chunk)
2026-09-02 12:01:03.910 | INFO     | et_miner.gpu.row_split_chunks:run_chunked_dense_level:285 -   K=7 chunk 18/24 filtering: 178 candidates → 0 frequent (0.0% pass rate, min_count=20,000)
2026-09-02 12:01:03.910 | DEBUG    | et_miner.gpu.row_split_chunks:run_chunked_dense_level:267 -     K=7 chunk 19/24: candidates [4,596, 4,662)
2026-09-02 12:01:03.911 | INFO     | et_miner.gpu.row_split_chunks:run_chunked_dense_level:285 -   K=7 chunk 19/24 filtering: 66 candidates → 2 frequent (3.0% pass rate, min_count=20,000)
2026-09-02 12:01:03.911 | DEBUG    | et_miner.gpu.row_split_chunks:run_chunked_dense_level:267 -     K=7 chunk 20/24: candidates [4,662, 4,950) (legacy sub-chunk)
2026-09-02 12:01:03.913 | INFO     | et_miner.gpu.row_split_chunks:run_chunked_dense_level:285 -   K=7 chunk 20/24 filtering: 288 candidates → 57 frequent (19.8% pass rate, min_count=20,000)
2026-09-02 12:01:03.913 | DEBUG    | et_miner.gpu.row_split_chunks:run_chunked_dense_level:267 -     K=7 chunk 21/24: candidates [4,950, 5,292)
2026-09-02 12:01:03.915 | INFO     | et_miner.gpu.row_split_chunks:run_chunked_dense_level:285 -   K=7 chunk 21/24 filtering: 342 candidates → 26 frequent (7.6% pass rate, min_count=20,000)
2026-09-02 12:01:03.915 | DEBUG    | et_miner.gpu.row_split_chunks:run_chunked_dense_level:267 -     K=7 chunk 22/24: candidates [5,292, 5,369) (legacy sub-chunk)
2026-09-02 12:01:03.916 | INFO     | et_miner.gpu.row_split_chunks:run_chunked_dense_level:285 -   K=7 chunk 22/24 filtering: 77 candidates → 0 frequent (0.0% pass rate, min_count=20,000)
2026-09-02 12:01:03.917 | DEBUG    | et_miner.gpu.row_split_chunks:run_chunked_dense_level:267 -     K=7 chunk 23/24: candidates [5,369, 5,447)
2026-09-02 12:01:03.918 | INFO     | et_miner.gpu.row_split_chunks:run_chunked_dense_level:285 -   K=7 chunk 23/24 filtering: 78 candidates → 4 frequent (5.1% pass rate, min_count=20,000)
2026-09-02 12:01:03.918 | DEBUG    | et_miner.gpu.row_split_chunks:run_chunked_dense_level:267 -     K=7 chunk 24/24: candidates [5,447, 6,009) (legacy sub-chunk)
2026-09-02 12:01:03.920 | INFO     | et_miner.gpu.row_split_chunks:run_chunked_dense_level:285 -   K=7 chunk 24/24 filtering: 562 candidates → 75 frequent (13.3% pass rate, min_count=20,000)
2026-09-02 12:01:03.921 | INFO     | et_miner.gpu.row_split:_apriori_row_split_multi_gpu:599 -   K=7: 443 frequent in 0.0s
2026-09-02 12:01:03.922 | DEBUG    | et_miner.gpu.row_split:_apriori_row_split_multi_gpu:631 -     Pruning: zeroed 11 dead bitvecs at K=7 (0 MB logical × 2 GPUs)
2026-09-02 12:01:03.922 | DEBUG    | et_miner.gpu.row_split:_apriori_row_split_multi_gpu:535 -   K=8: 1,069 candidates, 4 chunk(s), group data 0.0 GB, budget 3,962,567,806 cands/chunk
2026-09-02 12:01:03.924 | DEBUG    | et_miner.gpu.row_split_chunks:run_chunked_dense_level:267 -     K=8 chunk 1/4: candidates [0, 342)
2026-09-02 12:01:03.926 | INFO     | et_miner.gpu.row_split_chunks:run_chunked_dense_level:285 -   K=8 chunk 1/4 filtering: 342 candidates → 26 frequent (7.6% pass rate, min_count=20,000)
2026-09-02 12:01:03.926 | DEBUG    | et_miner.gpu.row_split_chunks:run_chunked_dense_level:267 -     K=8 chunk 2/4: candidates [342, 419) (legacy sub-chunk)
2026-09-02 12:01:03.927 | INFO     | et_miner.gpu.row_split_chunks:run_chunked_dense_level:285 -   K=8 chunk 2/4 filtering: 77 candidates → 0 frequent (0.0% pass rate, min_count=20,000)
2026-09-02 12:01:03.928 | DEBUG    | et_miner.gpu.row_split_chunks:run_chunked_dense_level:267 -     K=8 chunk 3/4: candidates [419, 497)
2026-09-02 12:01:03.930 | INFO     | et_miner.gpu.row_split_chunks:run_chunked_dense_level:285 -   K=8 chunk 3/4 filtering: 78 candidates → 4 frequent (5.1% pass rate, min_count=20,000)
2026-09-02 12:01:03.930 | DEBUG    | et_miner.gpu.row_split_chunks:run_chunked_dense_level:267 -     K=8 chunk 4/4: candidates [497, 1,069) (legacy sub-chunk)
2026-09-02 12:01:03.932 | INFO     | et_miner.gpu.row_split_chunks:run_chunked_dense_level:285 -   K=8 chunk 4/4 filtering: 572 candidates → 37 frequent (6.5% pass rate, min_count=20,000)
2026-09-02 12:01:03.933 | INFO     | et_miner.gpu.row_split:_apriori_row_split_multi_gpu:599 -   K=8: 67 frequent in 0.0s
2026-09-02 12:01:03.934 | DEBUG    | et_miner.gpu.row_split:_apriori_row_split_multi_gpu:631 -     Pruning: zeroed 10 dead bitvecs at K=8 (0 MB logical × 2 GPUs)
2026-09-02 12:01:03.934 | DEBUG    | et_miner.gpu.row_split:_apriori_row_split_multi_gpu:535 -   K=9: 62 candidates, 1 chunk(s), group data 0.0 GB, budget 3,962,568,570 cands/chunk
2026-09-02 12:01:03.938 | INFO     | et_miner.gpu.row_split_chunks:run_chunked_dense_level:285 -   K=9 chunk 1/1 filtering: 62 candidates → 4 frequent (6.5% pass rate, min_count=20,000)
2026-09-02 12:01:03.939 | INFO     | et_miner.gpu.row_split:_apriori_row_split_multi_gpu:599 -   K=9: 4 frequent in 0.0s
2026-09-02 12:01:03.940 | DEBUG    | et_miner.gpu.row_split:_apriori_row_split_multi_gpu:631 -     Pruning: zeroed 13 dead bitvecs at K=9 (0 MB logical × 2 GPUs)
