2026-09-02 13:39:21.024 | INFO     | et_miner.core.matrix:_build_csr_from_transactions:501 - Direct CSR path: 2,000,000 transactions, min_count=30
2026-09-02 13:39:21.449 | INFO     | et_miner.core.matrix:_build_csr_from_transactions:524 - Direct CSR path: 35000 frequent items
2026-09-02 13:39:22.059 | INFO     | et_miner.core.matrix:_build_csr_from_transactions:548 - Direct CSR path: 47,473,315 non-zeros
2026-09-02 13:39:23.809 | INFO     | et_miner.gpu.row_split:_apriori_row_split_multi_gpu:127 -   Row-split multi-GPU: 2 GPUs, min_count=30 (GPU-resident dense counting)
2026-09-02 13:39:23.866 | DEBUG    | et_miner.gpu.csr_bitvec:_build_shard:508 -   [GPU 0] Building bitvec: 1,000,000 rows, 23,730,984 nnz, ~4.4 GB (rows-balanced)
2026-09-02 13:39:23.867 | DEBUG    | et_miner.gpu.csr_bitvec:_build_shard:508 -   [GPU 1] Building bitvec: 1,000,000 rows, 23,742,331 nnz, ~4.4 GB (rows-balanced)
2026-09-02 13:39:24.410 | INFO     | et_miner.gpu.row_split:_apriori_row_split_multi_gpu:137 -   Bitvec build: 0.6s across 2 GPUs
2026-09-02 13:39:24.739 | INFO     | et_miner.gpu.row_split:_apriori_row_split_multi_gpu:170 -   NCCL: 2 communicators (ring all-reduce)
2026-09-02 13:39:24.851 | INFO     | et_miner.gpu.row_split:_apriori_row_split_multi_gpu:318 -   K=1: 35,000 frequent items in 0.1s
2026-09-02 13:39:24.867 | INFO     | et_miner.gpu.row_split:_apriori_row_split_multi_gpu:453 -   K=2: 612,482,500 total pairs, 1 chunk(s), dense output 2.28 GB/GPU per chunk
2026-09-02 13:39:32.339 | INFO     | et_miner.gpu.row_split_chunks:run_chunked_dense_level:285 -   K=2 chunk 1/1 filtering: 612,482,500 candidates → 1,660,332 frequent (0.3% pass rate, min_count=30)
2026-09-02 13:39:32.381 | INFO     | et_miner.gpu.row_split:_apriori_row_split_multi_gpu:599 -   K=2: 1,660,332 frequent in 7.5s
2026-09-02 13:39:32.531 | DEBUG    | et_miner.gpu.row_split:_apriori_row_split_multi_gpu:535 -   K=3: 11,796,796,856 candidates, 25 chunk(s), group data 0.0 GB, budget 3,234,095,966 cands/chunk
2026-09-02 13:39:32.537 | DEBUG    | et_miner.gpu.row_split_chunks:run_chunked_dense_level:267 -     K=3 chunk 1/25: candidates [0, 3,061,677,586)
2026-09-02 13:40:03.361 | INFO     | et_miner.gpu.row_split_chunks:run_chunked_dense_level:285 -   K=3 chunk 1/25 filtering: 3,061,677,586 candidates → 973,206 frequent (0.0% pass rate, min_count=30)
2026-09-02 13:40:03.363 | DEBUG    | et_miner.gpu.row_split_chunks:run_chunked_dense_level:267 -     K=3 chunk 2/25: candidates [3,061,677,586, 5,913,680,903)
2026-09-02 13:40:31.007 | INFO     | et_miner.gpu.row_split_chunks:run_chunked_dense_level:285 -   K=3 chunk 2/25 filtering: 2,852,003,317 candidates → 181,831 frequent (0.0% pass rate, min_count=30)
2026-09-02 13:40:31.008 | DEBUG    | et_miner.gpu.row_split_chunks:run_chunked_dense_level:267 -     K=3 chunk 3/25: candidates [5,913,680,903, 9,055,311,651)
2026-09-02 13:41:01.813 | INFO     | et_miner.gpu.row_split_chunks:run_chunked_dense_level:285 -   K=3 chunk 3/25 filtering: 3,141,630,748 candidates → 124,119 frequent (0.0% pass rate, min_count=30)
2026-09-02 13:41:01.813 | DEBUG    | et_miner.gpu.row_split_chunks:run_chunked_dense_level:267 -     K=3 chunk 4/25: candidates [9,055,311,651, 11,796,793,579)
2026-09-02 13:41:28.499 | INFO     | et_miner.gpu.row_split_chunks:run_chunked_dense_level:285 -   K=3 chunk 4/25 filtering: 2,741,481,928 candidates → 31,282 frequent (0.0% pass rate, min_count=30)
2026-09-02 13:41:28.499 | DEBUG    | et_miner.gpu.row_split_chunks:run_chunked_dense_level:267 -     K=3 chunk 5/25: candidates [11,796,793,579, 11,796,793,634) (legacy sub-chunk)
2026-09-02 13:41:28.502 | INFO     | et_miner.gpu.row_split_chunks:run_chunked_dense_level:285 -   K=3 chunk 5/25 filtering: 55 candidates → 0 frequent (0.0% pass rate, min_count=30)
2026-09-02 13:41:28.502 | DEBUG    | et_miner.gpu.row_split_chunks:run_chunked_dense_level:267 -     K=3 chunk 6/25: candidates [11,796,793,634, 11,796,794,102)
2026-09-02 13:41:28.506 | INFO     | et_miner.gpu.row_split_chunks:run_chunked_dense_level:285 -   K=3 chunk 6/25 filtering: 468 candidates → 0 frequent (0.0% pass rate, min_count=30)
2026-09-02 13:41:28.506 | DEBUG    | et_miner.gpu.row_split_chunks:run_chunked_dense_level:267 -     K=3 chunk 7/25: candidates [11,796,794,102, 11,796,794,130) (legacy sub-chunk)
2026-09-02 13:41:28.508 | INFO     | et_miner.gpu.row_split_chunks:run_chunked_dense_level:285 -   K=3 chunk 7/25 filtering: 28 candidates → 0 frequent (0.0% pass rate, min_count=30)
2026-09-02 13:41:28.508 | DEBUG    | et_miner.gpu.row_split_chunks:run_chunked_dense_level:267 -     K=3 chunk 8/25: candidates [11,796,794,130, 11,796,794,666)
2026-09-02 13:41:28.512 | INFO     | et_miner.gpu.row_split_chunks:run_chunked_dense_level:285 -   K=3 chunk 8/25 filtering: 536 candidates → 0 frequent (0.0% pass rate, min_count=30)
2026-09-02 13:41:28.512 | DEBUG    | et_miner.gpu.row_split_chunks:run_chunked_dense_level:267 -     K=3 chunk 9/25: candidates [11,796,794,666, 11,796,794,711) (legacy sub-chunk)
2026-09-02 13:41:28.513 | INFO     | et_miner.gpu.row_split_chunks:run_chunked_dense_level:285 -   K=3 chunk 9/25 filtering: 45 candidates → 0 frequent (0.0% pass rate, min_count=30)
2026-09-02 13:41:28.514 | DEBUG    | et_miner.gpu.row_split_chunks:run_chunked_dense_level:267 -     K=3 chunk 10/25: candidates [11,796,794,711, 11,796,794,894)
2026-09-02 13:41:28.517 | INFO     | et_miner.gpu.row_split_chunks:run_chunked_dense_level:285 -   K=3 chunk 10/25 filtering: 183 candidates → 0 frequent (0.0% pass rate, min_count=30)
2026-09-02 13:41:28.517 | DEBUG    | et_miner.gpu.row_split_chunks:run_chunked_dense_level:267 -     K=3 chunk 11/25: candidates [11,796,794,894, 11,796,794,949) (legacy sub-chunk)
2026-09-02 13:41:28.518 | INFO     | et_miner.gpu.row_split_chunks:run_chunked_dense_level:285 -   K=3 chunk 11/25 filtering: 55 candidates → 0 frequent (0.0% pass rate, min_count=30)
2026-09-02 13:41:28.518 | DEBUG    | et_miner.gpu.row_split_chunks:run_chunked_dense_level:267 -     K=3 chunk 12/25: candidates [11,796,794,949, 11,796,795,085)
2026-09-02 13:41:28.522 | INFO     | et_miner.gpu.row_split_chunks:run_chunked_dense_level:285 -   K=3 chunk 12/25 filtering: 136 candidates → 0 frequent (0.0% pass rate, min_count=30)
2026-09-02 13:41:28.522 | DEBUG    | et_miner.gpu.row_split_chunks:run_chunked_dense_level:267 -     K=3 chunk 13/25: candidates [11,796,795,085, 11,796,795,204) (legacy sub-chunk)
2026-09-02 13:41:28.523 | INFO     | et_miner.gpu.row_split_chunks:run_chunked_dense_level:285 -   K=3 chunk 13/25 filtering: 119 candidates → 0 frequent (0.0% pass rate, min_count=30)
2026-09-02 13:41:28.523 | DEBUG    | et_miner.gpu.row_split_chunks:run_chunked_dense_level:267 -     K=3 chunk 14/25: candidates [11,796,795,204, 11,796,795,360)
2026-09-02 13:41:28.527 | INFO     | et_miner.gpu.row_split_chunks:run_chunked_dense_level:285 -   K=3 chunk 14/25 filtering: 156 candidates → 0 frequent (0.0% pass rate, min_count=30)
2026-09-02 13:41:28.527 | DEBUG    | et_miner.gpu.row_split_chunks:run_chunked_dense_level:267 -     K=3 chunk 15/25: candidates [11,796,795,360, 11,796,795,415) (legacy sub-chunk)
2026-09-02 13:41:28.528 | INFO     | et_miner.gpu.row_split_chunks:run_chunked_dense_level:285 -   K=3 chunk 15/25 filtering: 55 candidates → 0 frequent (0.0% pass rate, min_count=30)
2026-09-02 13:41:28.528 | DEBUG    | et_miner.gpu.row_split_chunks:run_chunked_dense_level:267 -     K=3 chunk 16/25: candidates [11,796,795,415, 11,796,795,481)
2026-09-02 13:41:28.532 | INFO     | et_miner.gpu.row_split_chunks:run_chunked_dense_level:285 -   K=3 chunk 16/25 filtering: 66 candidates → 0 frequent (0.0% pass rate, min_count=30)
2026-09-02 13:41:28.532 | DEBUG    | et_miner.gpu.row_split_chunks:run_chunked_dense_level:267 -     K=3 chunk 17/25: candidates [11,796,795,481, 11,796,795,526) (legacy sub-chunk)
2026-09-02 13:41:28.534 | INFO     | et_miner.gpu.row_split_chunks:run_chunked_dense_level:285 -   K=3 chunk 17/25 filtering: 45 candidates → 0 frequent (0.0% pass rate, min_count=30)
2026-09-02 13:41:28.534 | DEBUG    | et_miner.gpu.row_split_chunks:run_chunked_dense_level:267 -     K=3 chunk 18/25: candidates [11,796,795,526, 11,796,795,604)
2026-09-02 13:41:28.537 | INFO     | et_miner.gpu.row_split_chunks:run_chunked_dense_level:285 -   K=3 chunk 18/25 filtering: 78 candidates → 0 frequent (0.0% pass rate, min_count=30)
2026-09-02 13:41:28.538 | DEBUG    | et_miner.gpu.row_split_chunks:run_chunked_dense_level:267 -     K=3 chunk 19/25: candidates [11,796,795,604, 11,796,795,661) (legacy sub-chunk)
2026-09-02 13:41:28.539 | INFO     | et_miner.gpu.row_split_chunks:run_chunked_dense_level:285 -   K=3 chunk 19/25 filtering: 57 candidates → 0 frequent (0.0% pass rate, min_count=30)
2026-09-02 13:41:28.539 | DEBUG    | et_miner.gpu.row_split_chunks:run_chunked_dense_level:267 -     K=3 chunk 20/25: candidates [11,796,795,661, 11,796,795,805)
2026-09-02 13:41:28.542 | INFO     | et_miner.gpu.row_split_chunks:run_chunked_dense_level:285 -   K=3 chunk 20/25 filtering: 144 candidates → 0 frequent (0.0% pass rate, min_count=30)
2026-09-02 13:41:28.542 | DEBUG    | et_miner.gpu.row_split_chunks:run_chunked_dense_level:267 -     K=3 chunk 21/25: candidates [11,796,795,805, 11,796,795,818) (legacy sub-chunk)
2026-09-02 13:41:28.544 | INFO     | et_miner.gpu.row_split_chunks:run_chunked_dense_level:285 -   K=3 chunk 21/25 filtering: 13 candidates → 0 frequent (0.0% pass rate, min_count=30)
2026-09-02 13:41:28.544 | DEBUG    | et_miner.gpu.row_split_chunks:run_chunked_dense_level:267 -     K=3 chunk 22/25: candidates [11,796,795,818, 11,796,795,971)
2026-09-02 13:41:28.548 | INFO     | et_miner.gpu.row_split_chunks:run_chunked_dense_level:285 -   K=3 chunk 22/25 filtering: 153 candidates → 0 frequent (0.0% pass rate, min_count=30)
2026-09-02 13:41:28.548 | DEBUG    | et_miner.gpu.row_split_chunks:run_chunked_dense_level:267 -     K=3 chunk 23/25: candidates [11,796,795,971, 11,796,796,019) (legacy sub-chunk)
2026-09-02 13:41:28.549 | INFO     | et_miner.gpu.row_split_chunks:run_chunked_dense_level:285 -   K=3 chunk 23/25 filtering: 48 candidates → 0 frequent (0.0% pass rate, min_count=30)
2026-09-02 13:41:28.549 | DEBUG    | et_miner.gpu.row_split_chunks:run_chunked_dense_level:267 -     K=3 chunk 24/25: candidates [11,796,796,019, 11,796,796,097)
2026-09-02 13:41:28.553 | INFO     | et_miner.gpu.row_split_chunks:run_chunked_dense_level:285 -   K=3 chunk 24/25 filtering: 78 candidates → 0 frequent (0.0% pass rate, min_count=30)
2026-09-02 13:41:28.553 | DEBUG    | et_miner.gpu.row_split_chunks:run_chunked_dense_level:267 -     K=3 chunk 25/25: candidates [11,796,796,097, 11,796,796,856) (legacy sub-chunk)
2026-09-02 13:41:28.554 | INFO     | et_miner.gpu.row_split_chunks:run_chunked_dense_level:285 -   K=3 chunk 25/25 filtering: 759 candidates → 0 frequent (0.0% pass rate, min_count=30)
2026-09-02 13:41:28.666 | INFO     | et_miner.gpu.row_split:_apriori_row_split_multi_gpu:599 -   K=3: 1,310,438 frequent in 116.2s
2026-09-02 13:41:28.699 | DEBUG    | et_miner.gpu.row_split:_apriori_row_split_multi_gpu:631 -     Pruning: zeroed 873 dead bitvecs at K=3 (104 MB logical × 2 GPUs)
